Archive member included to satisfy reference by file (symbol)

/usr/lib/gcc/arm-none-eabi/4.9.3/../../../arm-none-eabi/lib/armv7e-m/fpu/libc_nano.a(lib_a-atexit.o)
                              /usr/lib/gcc/arm-none-eabi/4.9.3/../../../arm-none-eabi/lib/armv7e-m/fpu/crt0.o (atexit)
/usr/lib/gcc/arm-none-eabi/4.9.3/../../../arm-none-eabi/lib/armv7e-m/fpu/libc_nano.a(lib_a-exit.o)
                              /usr/lib/gcc/arm-none-eabi/4.9.3/../../../arm-none-eabi/lib/armv7e-m/fpu/crt0.o (exit)
/usr/lib/gcc/arm-none-eabi/4.9.3/../../../arm-none-eabi/lib/armv7e-m/fpu/libc_nano.a(lib_a-fini.o)
                              /usr/lib/gcc/arm-none-eabi/4.9.3/../../../arm-none-eabi/lib/armv7e-m/fpu/crt0.o (__libc_fini_array)
/usr/lib/gcc/arm-none-eabi/4.9.3/../../../arm-none-eabi/lib/armv7e-m/fpu/libc_nano.a(lib_a-impure.o)
                              /usr/lib/gcc/arm-none-eabi/4.9.3/../../../arm-none-eabi/lib/armv7e-m/fpu/libc_nano.a(lib_a-exit.o) (_global_impure_ptr)
/usr/lib/gcc/arm-none-eabi/4.9.3/../../../arm-none-eabi/lib/armv7e-m/fpu/libc_nano.a(lib_a-init.o)
                              /usr/lib/gcc/arm-none-eabi/4.9.3/../../../arm-none-eabi/lib/armv7e-m/fpu/crt0.o (__libc_init_array)
/usr/lib/gcc/arm-none-eabi/4.9.3/../../../arm-none-eabi/lib/armv7e-m/fpu/libc_nano.a(lib_a-malloc.o)
                              build/usbd_cdc.o (malloc)
/usr/lib/gcc/arm-none-eabi/4.9.3/../../../arm-none-eabi/lib/armv7e-m/fpu/libc_nano.a(lib_a-memset.o)
                              /usr/lib/gcc/arm-none-eabi/4.9.3/../../../arm-none-eabi/lib/armv7e-m/fpu/crt0.o (memset)
/usr/lib/gcc/arm-none-eabi/4.9.3/../../../arm-none-eabi/lib/armv7e-m/fpu/libc_nano.a(lib_a-nano-freer.o)
                              /usr/lib/gcc/arm-none-eabi/4.9.3/../../../arm-none-eabi/lib/armv7e-m/fpu/libc_nano.a(lib_a-malloc.o) (_free_r)
/usr/lib/gcc/arm-none-eabi/4.9.3/../../../arm-none-eabi/lib/armv7e-m/fpu/libc_nano.a(lib_a-nano-mallocr.o)
                              /usr/lib/gcc/arm-none-eabi/4.9.3/../../../arm-none-eabi/lib/armv7e-m/fpu/libc_nano.a(lib_a-malloc.o) (_malloc_r)
/usr/lib/gcc/arm-none-eabi/4.9.3/../../../arm-none-eabi/lib/armv7e-m/fpu/libc_nano.a(lib_a-sbrkr.o)
                              /usr/lib/gcc/arm-none-eabi/4.9.3/../../../arm-none-eabi/lib/armv7e-m/fpu/libc_nano.a(lib_a-nano-mallocr.o) (_sbrk_r)
/usr/lib/gcc/arm-none-eabi/4.9.3/../../../arm-none-eabi/lib/armv7e-m/fpu/libc_nano.a(lib_a-__atexit.o)
                              /usr/lib/gcc/arm-none-eabi/4.9.3/../../../arm-none-eabi/lib/armv7e-m/fpu/libc_nano.a(lib_a-atexit.o) (__register_exitproc)
/usr/lib/gcc/arm-none-eabi/4.9.3/../../../arm-none-eabi/lib/armv7e-m/fpu/libc_nano.a(lib_a-__call_atexit.o)
                              /usr/lib/gcc/arm-none-eabi/4.9.3/../../../arm-none-eabi/lib/armv7e-m/fpu/libc_nano.a(lib_a-__atexit.o) (__call_exitprocs)
/usr/lib/gcc/arm-none-eabi/4.9.3/../../../arm-none-eabi/lib/armv7e-m/fpu/libc_nano.a(lib_a-reent.o)
                              /usr/lib/gcc/arm-none-eabi/4.9.3/../../../arm-none-eabi/lib/armv7e-m/fpu/libc_nano.a(lib_a-sbrkr.o) (errno)
/usr/lib/gcc/arm-none-eabi/4.9.3/../../../arm-none-eabi/lib/armv7e-m/fpu/libnosys.a(sbrk.o)
                              /usr/lib/gcc/arm-none-eabi/4.9.3/../../../arm-none-eabi/lib/armv7e-m/fpu/libc_nano.a(lib_a-sbrkr.o) (_sbrk)
/usr/lib/gcc/arm-none-eabi/4.9.3/../../../arm-none-eabi/lib/armv7e-m/fpu/libnosys.a(_exit.o)
                              /usr/lib/gcc/arm-none-eabi/4.9.3/../../../arm-none-eabi/lib/armv7e-m/fpu/libc_nano.a(lib_a-exit.o) (_exit)
/usr/lib/gcc/arm-none-eabi/4.9.3/armv7e-m/fpu/libgcc.a(_aeabi_uldivmod.o)
                              build/stm32f4xx_hal_rcc.o (__aeabi_uldivmod)
/usr/lib/gcc/arm-none-eabi/4.9.3/armv7e-m/fpu/libgcc.a(bpabi.o)
                              /usr/lib/gcc/arm-none-eabi/4.9.3/armv7e-m/fpu/libgcc.a(_aeabi_uldivmod.o) (__gnu_uldivmod_helper)
/usr/lib/gcc/arm-none-eabi/4.9.3/armv7e-m/fpu/libgcc.a(_dvmd_tls.o)
                              /usr/lib/gcc/arm-none-eabi/4.9.3/armv7e-m/fpu/libgcc.a(_aeabi_uldivmod.o) (__aeabi_ldiv0)
/usr/lib/gcc/arm-none-eabi/4.9.3/armv7e-m/fpu/libgcc.a(_divdi3.o)
                              /usr/lib/gcc/arm-none-eabi/4.9.3/armv7e-m/fpu/libgcc.a(bpabi.o) (__divdi3)
/usr/lib/gcc/arm-none-eabi/4.9.3/armv7e-m/fpu/libgcc.a(_udivdi3.o)
                              /usr/lib/gcc/arm-none-eabi/4.9.3/armv7e-m/fpu/libgcc.a(bpabi.o) (__udivdi3)

Allocating common symbols
Common symbol       size              file

hUsbDeviceFS        0x224             build/usb_device.o
errno               0x4               /usr/lib/gcc/arm-none-eabi/4.9.3/../../../arm-none-eabi/lib/armv7e-m/fpu/libc_nano.a(lib_a-reent.o)
hpcd_USB_OTG_FS     0x3f0             build/usbd_conf.o
uwTick              0x4               build/stm32f4xx_hal.o
pFlash              0x20              build/stm32f4xx_hal_flash.o
UserRxBufferFS      0x800             build/usbd_cdc_if.o
huart1              0x40              build/usart.o
[...]
Memory Configuration

Name             Origin             Length             Attributes
RAM              0x20000000         0x00020000         xrw
CCMRAM           0x10000000         0x00010000         rw
FLASH            0x08000000         0x00080000         xr
*default*        0x00000000         0xffffffff

Linker script and memory map

LOAD /usr/lib/gcc/arm-none-eabi/4.9.3/armv7e-m/fpu/crti.o
LOAD /usr/lib/gcc/arm-none-eabi/4.9.3/armv7e-m/fpu/crtbegin.o
LOAD /usr/lib/gcc/arm-none-eabi/4.9.3/../../../arm-none-eabi/lib/armv7e-m/fpu/crt0.o
LOAD build/main.o
LOAD build/gpio.o
LOAD build/usart.o
LOAD build/usb_device.o
LOAD build/usbd_conf.o
LOAD build/usbd_desc.o
LOAD build/usbd_cdc_if.o
LOAD build/stm32f4xx_it.o
LOAD build/stm32f4xx_hal_msp.o
LOAD build/stm32f4xx_hal_pcd.o
LOAD build/stm32f4xx_hal_pcd_ex.o
LOAD build/stm32f4xx_ll_usb.o
LOAD build/stm32f4xx_hal_tim.o
LOAD build/stm32f4xx_hal_tim_ex.o
LOAD build/stm32f4xx_hal_uart.o
LOAD build/stm32f4xx_hal_rcc.o
LOAD build/stm32f4xx_hal_rcc_ex.o
LOAD build/stm32f4xx_hal_flash.o
LOAD build/stm32f4xx_hal_flash_ex.o
LOAD build/stm32f4xx_hal_flash_ramfunc.o
LOAD build/stm32f4xx_hal_gpio.o
LOAD build/stm32f4xx_hal_dma_ex.o
LOAD build/stm32f4xx_hal_dma.o
LOAD build/stm32f4xx_hal_pwr.o
LOAD build/stm32f4xx_hal_pwr_ex.o
LOAD build/stm32f4xx_hal_cortex.o
LOAD build/stm32f4xx_hal.o
LOAD build/system_stm32f4xx.o
LOAD build/usbd_core.o
LOAD build/usbd_ctlreq.o
LOAD build/usbd_ioreq.o
LOAD build/usbd_cdc.o
LOAD build/startup_stm32f407xx.o
LOAD /usr/lib/gcc/arm-none-eabi/4.9.3/../../../arm-none-eabi/lib/armv7e-m/fpu/libc_nano.a
LOAD /usr/lib/gcc/arm-none-eabi/4.9.3/../../../arm-none-eabi/lib/armv7e-m/fpu/libm.a
LOAD /usr/lib/gcc/arm-none-eabi/4.9.3/../../../arm-none-eabi/lib/armv7e-m/fpu/libnosys.a
START GROUP
LOAD /usr/lib/gcc/arm-none-eabi/4.9.3/armv7e-m/fpu/libgcc.a
LOAD /usr/lib/gcc/arm-none-eabi/4.9.3/../../../arm-none-eabi/lib/armv7e-m/fpu/libc_nano.a
END GROUP
START GROUP
LOAD /usr/lib/gcc/arm-none-eabi/4.9.3/armv7e-m/fpu/libgcc.a
LOAD /usr/lib/gcc/arm-none-eabi/4.9.3/../../../arm-none-eabi/lib/armv7e-m/fpu/libc_nano.a
END GROUP
LOAD /usr/lib/gcc/arm-none-eabi/4.9.3/armv7e-m/fpu/crtend.o
LOAD /usr/lib/gcc/arm-none-eabi/4.9.3/armv7e-m/fpu/crtn.o
                0x20020000                _estack = 0x20020000
                0x00000200                _Min_Heap_Size = 0x200
                0x00000400                _Min_Stack_Size = 0x400

.isr_vector     0x08000000      0x188
                0x08000000                . = ALIGN (0x4)
 *(.isr_vector)
 .isr_vector    0x08000000      0x188 build/startup_stm32f407xx.o
                0x08000000                g_pfnVectors
                0x08000188                . = ALIGN (0x4)

.text           0x08000188     0x3b74
                0x08000188                . = ALIGN (0x4)
 *(.text)
 .text          0x08000188       0xa4 /usr/lib/gcc/arm-none-eabi/4.9.3/armv7e-m/fpu/crtbegin.o
 .text          0x0800022c       0x30 /usr/lib/gcc/arm-none-eabi/4.9.3/armv7e-m/fpu/libgcc.a(_aeabi_uldivmod.o)
                0x0800022c                __aeabi_uldivmod
 .text          0x0800025c       0x60 /usr/lib/gcc/arm-none-eabi/4.9.3/armv7e-m/fpu/libgcc.a(bpabi.o)
                0x0800025c                __gnu_ldivmod_helper
                0x0800028c                __gnu_uldivmod_helper
 .text          0x080002bc        0x4 /usr/lib/gcc/arm-none-eabi/4.9.3/armv7e-m/fpu/libgcc.a(_dvmd_tls.o)
                0x080002bc                __aeabi_ldiv0
                0x080002bc                __aeabi_idiv0
 .text          0x080002c0      0x29c /usr/lib/gcc/arm-none-eabi/4.9.3/armv7e-m/fpu/libgcc.a(_divdi3.o)
                0x080002c0                __divdi3
 .text          0x0800055c      0x26c /usr/lib/gcc/arm-none-eabi/4.9.3/armv7e-m/fpu/libgcc.a(_udivdi3.o)
                0x0800055c                __udivdi3
 *(.text*)
 .text._Error_Handler
                0x080007c8        0x4 build/main.o
                0x080007c8                _Error_Handler
 .text.SystemClock_Config
                0x080007cc       0xc0 build/main.o
                0x080007cc                SystemClock_Config
 .text.main     0x0800088c       0x18 build/main.o
                0x0800088c                main
 .text.MX_GPIO_Init
                0x080008a4       0x4c build/gpio.o
                0x080008a4                MX_GPIO_Init
 .text.MX_USART1_UART_Init
                0x080008f0       0x3c build/usart.o
                0x080008f0                MX_USART1_UART_Init
 .text.HAL_UART_MspInit
                0x0800092c       0x58 build/usart.o
                0x0800092c                HAL_UART_MspInit
 .text.MX_USB_DEVICE_Init
                0x08000984       0x38 build/usb_device.o
                0x08000984                MX_USB_DEVICE_Init
 .text.HAL_PCD_MspInit
                0x080009bc       0x68 build/usbd_conf.o
                0x080009bc                HAL_PCD_MspInit
 .text.HAL_PCD_SetupStageCallback
                0x08000a24       0x14 build/usbd_conf.o
                0x08000a24                HAL_PCD_SetupStageCallback
 .text.HAL_PCD_DataOutStageCallback
                0x08000a38       0x18 build/usbd_conf.o
                0x08000a38                HAL_PCD_DataOutStageCallback
 .text.HAL_PCD_DataInStageCallback
                0x08000a50       0x18 build/usbd_conf.o
                0x08000a50                HAL_PCD_DataInStageCallback
 .text.HAL_PCD_SOFCallback
                0x08000a68        0xc build/usbd_conf.o
                0x08000a68                HAL_PCD_SOFCallback
 .text.HAL_PCD_ResetCallback
                0x08000a74       0x20 build/usbd_conf.o
                0x08000a74                HAL_PCD_ResetCallback
 .text.HAL_PCD_SuspendCallback
                0x08000a94       0x30 build/usbd_conf.o
                0x08000a94                HAL_PCD_SuspendCallback
 .text.HAL_PCD_ResumeCallback
                0x08000ac4        0xc build/usbd_conf.o
                0x08000ac4                HAL_PCD_ResumeCallback
 .text.HAL_PCD_ISOOUTIncompleteCallback
                0x08000ad0        0xc build/usbd_conf.o
                0x08000ad0                HAL_PCD_ISOOUTIncompleteCallback
 .text.HAL_PCD_ISOINIncompleteCallback
                0x08000adc        0xc build/usbd_conf.o
                0x08000adc                HAL_PCD_ISOINIncompleteCallback
 .text.HAL_PCD_ConnectCallback
                0x08000ae8        0xc build/usbd_conf.o
                0x08000ae8                HAL_PCD_ConnectCallback
 .text.HAL_PCD_DisconnectCallback
                0x08000af4        0xc build/usbd_conf.o
                0x08000af4                HAL_PCD_DisconnectCallback
 .text.USBD_LL_Init
                0x08000b00       0x70 build/usbd_conf.o
                0x08000b00                USBD_LL_Init
 .text.USBD_LL_Start
                0x08000b70       0x20 build/usbd_conf.o
                0x08000b70                USBD_LL_Start
 .text.USBD_LL_OpenEP
                0x08000b90       0x24 build/usbd_conf.o
                0x08000b90                USBD_LL_OpenEP
 .text.USBD_LL_CloseEP
                0x08000bb4       0x20 build/usbd_conf.o
                0x08000bb4                USBD_LL_CloseEP
 .text.USBD_LL_StallEP
                0x08000bd4       0x20 build/usbd_conf.o
                0x08000bd4                USBD_LL_StallEP
 .text.USBD_LL_ClearStallEP
                0x08000bf4       0x20 build/usbd_conf.o
                0x08000bf4                USBD_LL_ClearStallEP
 .text.USBD_LL_IsStallEP
                0x08000c14       0x30 build/usbd_conf.o
                0x08000c14                USBD_LL_IsStallEP
 .text.USBD_LL_SetUSBAddress
                0x08000c44       0x20 build/usbd_conf.o
                0x08000c44                USBD_LL_SetUSBAddress
 .text.USBD_LL_Transmit
                0x08000c64       0x20 build/usbd_conf.o
                0x08000c64                USBD_LL_Transmit
 .text.USBD_LL_PrepareReceive
                0x08000c84       0x20 build/usbd_conf.o
                0x08000c84                USBD_LL_PrepareReceive
 .text.USBD_LL_GetRxDataSize
                0x08000ca4        0xc build/usbd_conf.o
                0x08000ca4                USBD_LL_GetRxDataSize
 .text.USBD_FS_DeviceDescriptor
                0x08000cb0        0xc build/usbd_desc.o
                0x08000cb0                USBD_FS_DeviceDescriptor
 .text.USBD_FS_LangIDStrDescriptor
                0x08000cbc        0xc build/usbd_desc.o
                0x08000cbc                USBD_FS_LangIDStrDescriptor
 .text.USBD_FS_ProductStrDescriptor
                0x08000cc8       0x24 build/usbd_desc.o
                0x08000cc8                USBD_FS_ProductStrDescriptor
 .text.USBD_FS_ManufacturerStrDescriptor
                0x08000cec       0x1c build/usbd_desc.o
                0x08000cec                USBD_FS_ManufacturerStrDescriptor
 .text.USBD_FS_SerialStrDescriptor
                0x08000d08       0x24 build/usbd_desc.o
                0x08000d08                USBD_FS_SerialStrDescriptor
 .text.USBD_FS_ConfigStrDescriptor
                0x08000d2c       0x24 build/usbd_desc.o
                0x08000d2c                USBD_FS_ConfigStrDescriptor
 .text.USBD_FS_InterfaceStrDescriptor
                0x08000d50       0x24 build/usbd_desc.o
                0x08000d50                USBD_FS_InterfaceStrDescriptor
 .text.CDC_DeInit_FS
                0x08000d74        0x4 build/usbd_cdc_if.o
 .text.CDC_Control_FS
                0x08000d78        0x4 build/usbd_cdc_if.o
 .text.CDC_Receive_FS
                0x08000d7c       0x1c build/usbd_cdc_if.o
 .text.CDC_Init_FS
                0x08000d98       0x28 build/usbd_cdc_if.o
 .text.NMI_Handler
                0x08000dc0        0x4 build/stm32f4xx_it.o
                0x08000dc0                NMI_Handler
 .text.HardFault_Handler
                0x08000dc4        0x4 build/stm32f4xx_it.o
                0x08000dc4                HardFault_Handler
 .text.MemManage_Handler
                0x08000dc8        0x4 build/stm32f4xx_it.o
                0x08000dc8                MemManage_Handler
 .text.BusFault_Handler
                0x08000dcc        0x4 build/stm32f4xx_it.o
                0x08000dcc                BusFault_Handler
 .text.UsageFault_Handler
                0x08000dd0        0x4 build/stm32f4xx_it.o
                0x08000dd0                UsageFault_Handler
 .text.SVC_Handler
                0x08000dd4        0x4 build/stm32f4xx_it.o
                0x08000dd4                SVC_Handler
 .text.DebugMon_Handler
                0x08000dd8        0x4 build/stm32f4xx_it.o
                0x08000dd8                DebugMon_Handler
 .text.PendSV_Handler
                0x08000ddc        0x4 build/stm32f4xx_it.o
                0x08000ddc                PendSV_Handler
 .text.SysTick_Handler
                0x08000de0        0xc build/stm32f4xx_it.o
                0x08000de0                SysTick_Handler
 .text.OTG_FS_IRQHandler
                0x08000dec       0x10 build/stm32f4xx_it.o
                0x08000dec                OTG_FS_IRQHandler
 .text.HAL_MspInit
                0x08000dfc       0x94 build/stm32f4xx_hal_msp.o
                0x08000dfc                HAL_MspInit
 .text.PCD_WriteEmptyTxFifo
                0x08000e90       0xac build/stm32f4xx_hal_pcd.o
 .text.HAL_PCD_Init
                0x08000f3c       0xe4 build/stm32f4xx_hal_pcd.o
                0x08000f3c                HAL_PCD_Init
 .text.HAL_PCD_Start
                0x08001020       0x2c build/stm32f4xx_hal_pcd.o
                0x08001020                HAL_PCD_Start
 .text.HAL_PCD_IRQHandler
                0x0800104c      0x578 build/stm32f4xx_hal_pcd.o
                0x0800104c                HAL_PCD_IRQHandler
 .text.HAL_PCD_SetAddress
                0x080015c4       0x24 build/stm32f4xx_hal_pcd.o
                0x080015c4                HAL_PCD_SetAddress
 .text.HAL_PCD_EP_Open
                0x080015e8       0x68 build/stm32f4xx_hal_pcd.o
                0x080015e8                HAL_PCD_EP_Open
 .text.HAL_PCD_EP_Close
                0x08001650       0x58 build/stm32f4xx_hal_pcd.o
                0x08001650                HAL_PCD_EP_Close
 .text.HAL_PCD_EP_Receive
                0x080016a8       0x58 build/stm32f4xx_hal_pcd.o
                0x080016a8                HAL_PCD_EP_Receive
 .text.HAL_PCD_EP_GetRxCount
                0x08001700       0x14 build/stm32f4xx_hal_pcd.o
                0x08001700                HAL_PCD_EP_GetRxCount
 .text.HAL_PCD_EP_Transmit
                0x08001714       0x50 build/stm32f4xx_hal_pcd.o
                0x08001714                HAL_PCD_EP_Transmit
 .text.HAL_PCD_EP_SetStall
                0x08001764       0x64 build/stm32f4xx_hal_pcd.o
                0x08001764                HAL_PCD_EP_SetStall
 .text.HAL_PCD_EP_ClrStall
                0x080017c8       0x58 build/stm32f4xx_hal_pcd.o
                0x080017c8                HAL_PCD_EP_ClrStall
 .text.HAL_PCDEx_SetTxFiFo
                0x08001820       0x48 build/stm32f4xx_hal_pcd_ex.o
                0x08001820                HAL_PCDEx_SetTxFiFo
 .text.HAL_PCDEx_SetRxFiFo
                0x08001868        0x8 build/stm32f4xx_hal_pcd_ex.o
                0x08001868                HAL_PCDEx_SetRxFiFo
 .text.USB_CoreReset
                0x08001870       0x38 build/stm32f4xx_ll_usb.o
 .text.USB_CoreInit
                0x080018a8       0x78 build/stm32f4xx_ll_usb.o
                0x080018a8                USB_CoreInit
 .text.USB_EnableGlobalInt
                0x08001920        0xc build/stm32f4xx_ll_usb.o
                0x08001920                USB_EnableGlobalInt
 .text.USB_DisableGlobalInt
                0x0800192c        0xc build/stm32f4xx_ll_usb.o
                0x0800192c                USB_DisableGlobalInt
 .text.USB_SetCurrentMode
                0x08001938       0x2c build/stm32f4xx_ll_usb.o
                0x08001938                USB_SetCurrentMode
 .text.USB_FlushTxFifo
                0x08001964       0x24 build/stm32f4xx_ll_usb.o
                0x08001964                USB_FlushTxFifo
 .text.USB_FlushRxFifo
                0x08001988       0x20 build/stm32f4xx_ll_usb.o
                0x08001988                USB_FlushRxFifo
 .text.USB_SetDevSpeed
                0x080019a8       0x10 build/stm32f4xx_ll_usb.o
                0x080019a8                USB_SetDevSpeed
 .text.USB_DevInit
                0x080019b8      0x144 build/stm32f4xx_ll_usb.o
                0x080019b8                USB_DevInit
 .text.USB_GetDevSpeed
                0x08001afc       0x40 build/stm32f4xx_ll_usb.o
                0x08001afc                USB_GetDevSpeed
 .text.USB_ActivateEndpoint
                0x08001b3c       0x8c build/stm32f4xx_ll_usb.o
                0x08001b3c                USB_ActivateEndpoint
 .text.USB_DeactivateEndpoint
                0x08001bc8       0xe8 build/stm32f4xx_ll_usb.o
                0x08001bc8                USB_DeactivateEndpoint
 .text.USB_EP0StartXfer
                0x08001cb0      0x15c build/stm32f4xx_ll_usb.o
                0x08001cb0                USB_EP0StartXfer
 .text.USB_WritePacket
                0x08001e0c       0x28 build/stm32f4xx_ll_usb.o
                0x08001e0c                USB_WritePacket
 .text.USB_EPStartXfer
                0x08001e34      0x258 build/stm32f4xx_ll_usb.o
                0x08001e34                USB_EPStartXfer
 .text.USB_ReadPacket
                0x0800208c       0x2c build/stm32f4xx_ll_usb.o
                0x0800208c                USB_ReadPacket
 .text.USB_EPSetStall
                0x080020b8       0x58 build/stm32f4xx_ll_usb.o
                0x080020b8                USB_EPSetStall
 .text.USB_EPClearStall
                0x08002110       0x60 build/stm32f4xx_ll_usb.o
                0x08002110                USB_EPClearStall
 .text.USB_SetDevAddress
                0x08002170       0x20 build/stm32f4xx_ll_usb.o
                0x08002170                USB_SetDevAddress
 .text.USB_DevConnect
                0x08002190       0x18 build/stm32f4xx_ll_usb.o
                0x08002190                USB_DevConnect
 .text.USB_DevDisconnect
                0x080021a8       0x18 build/stm32f4xx_ll_usb.o
                0x080021a8                USB_DevDisconnect
 .text.USB_ReadInterrupts
                0x080021c0        0x8 build/stm32f4xx_ll_usb.o
                0x080021c0                USB_ReadInterrupts
 .text.USB_ReadDevAllOutEpInterrupt
                0x080021c8       0x10 build/stm32f4xx_ll_usb.o
                0x080021c8                USB_ReadDevAllOutEpInterrupt
 .text.USB_ReadDevAllInEpInterrupt
                0x080021d8       0x10 build/stm32f4xx_ll_usb.o
                0x080021d8                USB_ReadDevAllInEpInterrupt
 .text.USB_ReadDevOutEPInterrupt
                0x080021e8       0x14 build/stm32f4xx_ll_usb.o
                0x080021e8                USB_ReadDevOutEPInterrupt
 .text.USB_ReadDevInEPInterrupt
                0x080021fc       0x24 build/stm32f4xx_ll_usb.o
                0x080021fc                USB_ReadDevInEPInterrupt
 .text.USB_GetMode
                0x08002220        0x8 build/stm32f4xx_ll_usb.o
                0x08002220                USB_GetMode
 .text.USB_ActivateSetup
                0x08002228       0x38 build/stm32f4xx_ll_usb.o
                0x08002228                USB_ActivateSetup
 .text.USB_EP0_OutStart
                0x08002260       0x44 build/stm32f4xx_ll_usb.o
                0x08002260                USB_EP0_OutStart
 .text.UART_SetConfig
                0x080022a4      0x320 build/stm32f4xx_hal_uart.o
 .text.HAL_UART_Init
                0x080025c4       0x64 build/stm32f4xx_hal_uart.o
                0x080025c4                HAL_UART_Init
 .text.HAL_RCC_OscConfig
                0x08002628      0x3c0 build/stm32f4xx_hal_rcc.o
                0x08002628                HAL_RCC_OscConfig
 .text.HAL_RCC_GetSysClockFreq
                0x080029e8       0xcc build/stm32f4xx_hal_rcc.o
                0x080029e8                HAL_RCC_GetSysClockFreq
 .text.HAL_RCC_ClockConfig
                0x08002ab4      0x160 build/stm32f4xx_hal_rcc.o
                0x08002ab4                HAL_RCC_ClockConfig
 .text.HAL_RCC_GetHCLKFreq
                0x08002c14        0xc build/stm32f4xx_hal_rcc.o
                0x08002c14                HAL_RCC_GetHCLKFreq
 .text.HAL_RCC_GetPCLK1Freq
                0x08002c20       0x20 build/stm32f4xx_hal_rcc.o
                0x08002c20                HAL_RCC_GetPCLK1Freq
 .text.HAL_RCC_GetPCLK2Freq
                0x08002c40       0x20 build/stm32f4xx_hal_rcc.o
                0x08002c40                HAL_RCC_GetPCLK2Freq
 .text.HAL_GPIO_Init
                0x08002c60      0x1d0 build/stm32f4xx_hal_gpio.o
                0x08002c60                HAL_GPIO_Init
 .text.HAL_NVIC_SetPriorityGrouping
                0x08002e30       0x24 build/stm32f4xx_hal_cortex.o
                0x08002e30                HAL_NVIC_SetPriorityGrouping
 .text.HAL_NVIC_SetPriority
                0x08002e54       0x64 build/stm32f4xx_hal_cortex.o
                0x08002e54                HAL_NVIC_SetPriority
 .text.HAL_NVIC_EnableIRQ
                0x08002eb8       0x18 build/stm32f4xx_hal_cortex.o
                0x08002eb8                HAL_NVIC_EnableIRQ
 .text.HAL_SYSTICK_Config
                0x08002ed0       0x2c build/stm32f4xx_hal_cortex.o
                0x08002ed0                HAL_SYSTICK_Config
 .text.HAL_SYSTICK_CLKSourceConfig
                0x08002efc       0x20 build/stm32f4xx_hal_cortex.o
                0x08002efc                HAL_SYSTICK_CLKSourceConfig
 .text.HAL_SYSTICK_Callback
                0x08002f1c        0x4 build/stm32f4xx_hal_cortex.o
                0x08002f1c                HAL_SYSTICK_Callback
 .text.HAL_SYSTICK_IRQHandler
                0x08002f20        0x8 build/stm32f4xx_hal_cortex.o
                0x08002f20                HAL_SYSTICK_IRQHandler
 .text.HAL_InitTick
                0x08002f28       0x4c build/stm32f4xx_hal.o
                0x08002f28                HAL_InitTick
 .text.HAL_Init
                0x08002f74       0x34 build/stm32f4xx_hal.o
                0x08002f74                HAL_Init
 .text.HAL_IncTick
                0x08002fa8       0x18 build/stm32f4xx_hal.o
                0x08002fa8                HAL_IncTick
 .text.HAL_GetTick
                0x08002fc0        0xc build/stm32f4xx_hal.o
                0x08002fc0                HAL_GetTick
 .text.HAL_Delay
                0x08002fcc       0x28 build/stm32f4xx_hal.o
                0x08002fcc                HAL_Delay
 .text.SystemInit
                0x08002ff4       0x4c build/system_stm32f4xx.o
                0x08002ff4                SystemInit
 .text.USBD_Init
                0x08003040       0x30 build/usbd_core.o
                0x08003040                USBD_Init
 .text.USBD_RegisterClass
                0x08003070       0x10 build/usbd_core.o
                0x08003070                USBD_RegisterClass
 .text.USBD_Start
                0x08003080        0xc build/usbd_core.o
                0x08003080                USBD_Start
 .text.USBD_SetClassConfig
                0x0800308c       0x1c build/usbd_core.o
                0x0800308c                USBD_SetClassConfig
 .text.USBD_ClrClassConfig
                0x080030a8       0x10 build/usbd_core.o
                0x080030a8                USBD_ClrClassConfig
 .text.USBD_LL_SetupStage
                0x080030b8       0x5c build/usbd_core.o
                0x080030b8                USBD_LL_SetupStage
 .text.USBD_LL_DataOutStage
                0x08003114       0x60 build/usbd_core.o
                0x08003114                USBD_LL_DataOutStage
 .text.USBD_LL_DataInStage
                0x08003174       0xa4 build/usbd_core.o
                0x08003174                USBD_LL_DataInStage
 .text.USBD_LL_Reset
                0x08003218       0x40 build/usbd_core.o
                0x08003218                USBD_LL_Reset
 .text.USBD_LL_SetSpeed
                0x08003258        0x8 build/usbd_core.o
                0x08003258                USBD_LL_SetSpeed
 .text.USBD_LL_Suspend
                0x08003260       0x14 build/usbd_core.o
                0x08003260                USBD_LL_Suspend
 .text.USBD_LL_Resume
                0x08003274        0xc build/usbd_core.o
                0x08003274                USBD_LL_Resume
 .text.USBD_LL_SOF
                0x08003280       0x18 build/usbd_core.o
                0x08003280                USBD_LL_SOF
 .text.USBD_LL_IsoINIncomplete
                0x08003298        0x4 build/usbd_core.o
                0x08003298                USBD_LL_IsoINIncomplete
 .text.USBD_LL_IsoOUTIncomplete
                0x0800329c        0x4 build/usbd_core.o
                0x0800329c                USBD_LL_IsoOUTIncomplete
 .text.USBD_LL_DevConnected
                0x080032a0        0x4 build/usbd_core.o
                0x080032a0                USBD_LL_DevConnected
 .text.USBD_LL_DevDisconnected
                0x080032a4       0x18 build/usbd_core.o
                0x080032a4                USBD_LL_DevDisconnected
 .text.USBD_GetLen
                0x080032bc       0x14 build/usbd_ctlreq.o
 .text.USBD_SetFeature
                0x080032d0       0x20 build/usbd_ctlreq.o
 .text.USBD_ParseSetupRequest
                0x080032f0       0x28 build/usbd_ctlreq.o
                0x080032f0                USBD_ParseSetupRequest
 .text.USBD_CtlError
                0x08003318       0x14 build/usbd_ctlreq.o
                0x08003318                USBD_CtlError
 .text.USBD_GetDescriptor
                0x0800332c      0x144 build/usbd_ctlreq.o
 .text.USBD_SetAddress
                0x08003470       0x4c build/usbd_ctlreq.o
 .text.USBD_SetConfig
                0x080034bc       0xa8 build/usbd_ctlreq.o
 .text.USBD_GetConfig
                0x08003564       0x40 build/usbd_ctlreq.o
 .text.USBD_GetStatus
                0x080035a4       0x30 build/usbd_ctlreq.o
 .text.USBD_ClrFeature
                0x080035d4       0x30 build/usbd_ctlreq.o
 .text.USBD_StdDevReq
                0x08003604       0x48 build/usbd_ctlreq.o
                0x08003604                USBD_StdDevReq
 .text.USBD_StdItfReq
                0x0800364c       0x38 build/usbd_ctlreq.o
                0x0800364c                USBD_StdItfReq
 .text.USBD_StdEPReq
                0x08003684      0x11c build/usbd_ctlreq.o
                0x08003684                USBD_StdEPReq
 .text.USBD_GetString
                0x080037a0       0x3c build/usbd_ctlreq.o
                0x080037a0                USBD_GetString
 .text.USBD_CtlSendData
                0x080037dc       0x1c build/usbd_ioreq.o
                0x080037dc                USBD_CtlSendData
 .text.USBD_CtlContinueSendData
                0x080037f8       0x14 build/usbd_ioreq.o
                0x080037f8                USBD_CtlContinueSendData
 .text.USBD_CtlPrepareRx
                0x0800380c       0x20 build/usbd_ioreq.o
                0x0800380c                USBD_CtlPrepareRx
 .text.USBD_CtlContinueRx
                0x0800382c       0x14 build/usbd_ioreq.o
                0x0800382c                USBD_CtlContinueRx
 .text.USBD_CtlSendStatus
                0x08003840       0x18 build/usbd_ioreq.o
                0x08003840                USBD_CtlSendStatus
 .text.USBD_CtlReceiveStatus
                0x08003858       0x18 build/usbd_ioreq.o
                0x08003858                USBD_CtlReceiveStatus
 .text.USBD_CDC_DataIn
                0x08003870       0x14 build/usbd_cdc.o
 .text.USBD_CDC_EP0_RxReady
                0x08003884       0x28 build/usbd_cdc.o
 .text.USBD_CDC_GetFSCfgDesc
                0x080038ac        0xc build/usbd_cdc.o
 .text.USBD_CDC_GetHSCfgDesc
                0x080038b8        0xc build/usbd_cdc.o
 .text.USBD_CDC_GetOtherSpeedCfgDesc
                0x080038c4        0xc build/usbd_cdc.o
 .text.USBD_CDC_GetDeviceQualifierDescriptor
                0x080038d0        0xc build/usbd_cdc.o
                0x080038d0                USBD_CDC_GetDeviceQualifierDescriptor
 .text.USBD_CDC_DataOut
                0x080038dc       0x30 build/usbd_cdc.o
 .text.USBD_CDC_Setup
                0x0800390c       0x74 build/usbd_cdc.o
 .text.USBD_CDC_DeInit
                0x08003980       0x3c build/usbd_cdc.o
 .text.USBD_CDC_Init
                0x080039bc       0x98 build/usbd_cdc.o
 .text.USBD_CDC_RegisterInterface
                0x08003a54       0x10 build/usbd_cdc.o
                0x08003a54                USBD_CDC_RegisterInterface
 .text.USBD_CDC_SetTxBuffer
                0x08003a64       0x10 build/usbd_cdc.o
                0x08003a64                USBD_CDC_SetTxBuffer
 .text.USBD_CDC_SetRxBuffer
                0x08003a74        0xc build/usbd_cdc.o
                0x08003a74                USBD_CDC_SetRxBuffer
 .text.USBD_CDC_ReceivePacket
                0x08003a80       0x34 build/usbd_cdc.o
                0x08003a80                USBD_CDC_ReceivePacket
 .text.Reset_Handler
                0x08003ab4       0x50 build/startup_stm32f407xx.o
                0x08003ab4                Reset_Handler
 .text.Default_Handler
                0x08003b04        0x2 build/startup_stm32f407xx.o
                0x08003b04                RTC_Alarm_IRQHandler
                0x08003b04                HASH_RNG_IRQHandler
                0x08003b04                EXTI2_IRQHandler
                0x08003b04                TIM8_CC_IRQHandler
                0x08003b04                TIM1_CC_IRQHandler
                0x08003b04                DMA2_Stream5_IRQHandler
                0x08003b04                DMA1_Stream5_IRQHandler
                0x08003b04                PVD_IRQHandler
                0x08003b04                SDIO_IRQHandler
                0x08003b04                TAMP_STAMP_IRQHandler
                0x08003b04                CAN2_RX1_IRQHandler
                0x08003b04                EXTI3_IRQHandler
                0x08003b04                TIM8_TRG_COM_TIM14_IRQHandler
                0x08003b04                TIM1_UP_TIM10_IRQHandler
                0x08003b04                TIM8_UP_TIM13_IRQHandler
                0x08003b04                I2C3_ER_IRQHandler
                0x08003b04                EXTI0_IRQHandler
                0x08003b04                I2C2_EV_IRQHandler
                0x08003b04                DMA1_Stream2_IRQHandler
                0x08003b04                CAN1_RX0_IRQHandler
                0x08003b04                FPU_IRQHandler
                0x08003b04                OTG_HS_WKUP_IRQHandler
                0x08003b04                CAN2_SCE_IRQHandler
                0x08003b04                DMA2_Stream2_IRQHandler
                0x08003b04                SPI1_IRQHandler
                0x08003b04                TIM6_DAC_IRQHandler
                0x08003b04                TIM1_BRK_TIM9_IRQHandler
                0x08003b04                DCMI_IRQHandler
                0x08003b04                CAN2_RX0_IRQHandler
                0x08003b04                DMA2_Stream3_IRQHandler
                0x08003b04                USART6_IRQHandler
                0x08003b04                USART3_IRQHandler
                0x08003b04                CAN1_RX1_IRQHandler
                0x08003b04                UART5_IRQHandler
                0x08003b04                DMA2_Stream0_IRQHandler
                0x08003b04                TIM4_IRQHandler
                0x08003b04                I2C1_EV_IRQHandler
                0x08003b04                DMA1_Stream6_IRQHandler
                0x08003b04                DMA1_Stream1_IRQHandler
                0x08003b04                UART4_IRQHandler
                0x08003b04                TIM3_IRQHandler
                0x08003b04                RCC_IRQHandler
                0x08003b04                TIM8_BRK_TIM12_IRQHandler
                0x08003b04                Default_Handler
                0x08003b04                EXTI15_10_IRQHandler
                0x08003b04                ADC_IRQHandler
                0x08003b04                DMA1_Stream7_IRQHandler
                0x08003b04                TIM7_IRQHandler
                0x08003b04                CAN2_TX_IRQHandler
                0x08003b04                TIM5_IRQHandler
                0x08003b04                DMA2_Stream7_IRQHandler
                0x08003b04                I2C3_EV_IRQHandler
                0x08003b04                EXTI9_5_IRQHandler
                0x08003b04                RTC_WKUP_IRQHandler
                0x08003b04                ETH_WKUP_IRQHandler
                0x08003b04                SPI2_IRQHandler
                0x08003b04                OTG_HS_EP1_IN_IRQHandler
                0x08003b04                DMA1_Stream0_IRQHandler
                0x08003b04                CAN1_TX_IRQHandler
                0x08003b04                EXTI4_IRQHandler
                0x08003b04                FSMC_IRQHandler
                0x08003b04                ETH_IRQHandler
                0x08003b04                OTG_HS_EP1_OUT_IRQHandler
                0x08003b04                WWDG_IRQHandler
                0x08003b04                TIM2_IRQHandler
                0x08003b04                OTG_FS_WKUP_IRQHandler
                0x08003b04                TIM1_TRG_COM_TIM11_IRQHandler
                0x08003b04                OTG_HS_IRQHandler
                0x08003b04                EXTI1_IRQHandler
                0x08003b04                USART2_IRQHandler
                0x08003b04                I2C2_ER_IRQHandler
                0x08003b04                DMA2_Stream1_IRQHandler
                0x08003b04                CAN1_SCE_IRQHandler
                0x08003b04                FLASH_IRQHandler
                0x08003b04                DMA2_Stream4_IRQHandler
                0x08003b04                USART1_IRQHandler
                0x08003b04                SPI3_IRQHandler
                0x08003b04                DMA1_Stream4_IRQHandler
                0x08003b04                I2C1_ER_IRQHandler
                0x08003b04                DMA2_Stream6_IRQHandler
                0x08003b04                DMA1_Stream3_IRQHandler
 *fill*         0x08003b06        0x2 
 .text.__libc_init_array
                0x08003b08       0x4c /usr/lib/gcc/arm-none-eabi/4.9.3/../../../arm-none-eabi/lib/armv7e-m/fpu/libc_nano.a(lib_a-init.o)
                0x08003b08                __libc_init_array
 .text.malloc   0x08003b54       0x10 /usr/lib/gcc/arm-none-eabi/4.9.3/../../../arm-none-eabi/lib/armv7e-m/fpu/libc_nano.a(lib_a-malloc.o)
                0x08003b54                malloc
 .text.free     0x08003b64       0x10 /usr/lib/gcc/arm-none-eabi/4.9.3/../../../arm-none-eabi/lib/armv7e-m/fpu/libc_nano.a(lib_a-malloc.o)
                0x08003b64                free
 .text._free_r  0x08003b74       0x88 /usr/lib/gcc/arm-none-eabi/4.9.3/../../../arm-none-eabi/lib/armv7e-m/fpu/libc_nano.a(lib_a-nano-freer.o)
                0x08003b74                _free_r
 .text._malloc_r
                0x08003bfc       0xac /usr/lib/gcc/arm-none-eabi/4.9.3/../../../arm-none-eabi/lib/armv7e-m/fpu/libc_nano.a(lib_a-nano-mallocr.o)
                0x08003bfc                _malloc_r
 .text._sbrk_r  0x08003ca8       0x20 /usr/lib/gcc/arm-none-eabi/4.9.3/../../../arm-none-eabi/lib/armv7e-m/fpu/libc_nano.a(lib_a-sbrkr.o)
                0x08003ca8                _sbrk_r
 .text._sbrk    0x08003cc8       0x1c /usr/lib/gcc/arm-none-eabi/4.9.3/../../../arm-none-eabi/lib/armv7e-m/fpu/libnosys.a(sbrk.o)
                0x08003cc8                _sbrk
 *(.glue_7)
 .glue_7        0x08003ce4        0x0 linker stubs
 *(.glue_7t)
 .glue_7t       0x08003ce4        0x0 linker stubs
 *(.eh_frame)
 .eh_frame      0x08003ce4        0x0 /usr/lib/gcc/arm-none-eabi/4.9.3/armv7e-m/fpu/crtbegin.o
 *(.init)
 .init          0x08003ce4        0x4 /usr/lib/gcc/arm-none-eabi/4.9.3/armv7e-m/fpu/crti.o
                0x08003ce4                _init
 .init          0x08003ce8        0x8 /usr/lib/gcc/arm-none-eabi/4.9.3/armv7e-m/fpu/crtn.o
 *(.fini)
 .fini          0x08003cf0        0x4 /usr/lib/gcc/arm-none-eabi/4.9.3/armv7e-m/fpu/crti.o
                0x08003cf0                _fini
 .fini          0x08003cf4        0x8 /usr/lib/gcc/arm-none-eabi/4.9.3/armv7e-m/fpu/crtn.o
                0x08003cfc                . = ALIGN (0x4)
                0x08003cfc                _etext = .

.vfp11_veneer   0x08003cfc        0x0
 .vfp11_veneer  0x08003cfc        0x0 linker stubs

.v4_bx          0x08003cfc        0x0
 .v4_bx         0x08003cfc        0x0 linker stubs

.iplt           0x08003cfc        0x0
 .iplt          0x08003cfc        0x0 /usr/lib/gcc/arm-none-eabi/4.9.3/armv7e-m/fpu/crtbegin.o

.rodata         0x08003cfc       0x9c
                0x08003cfc                . = ALIGN (0x4)
 *(.rodata)
 *(.rodata*)
 .rodata.str1.4
                0x08003cfc        0xb build/main.o
 *fill*         0x08003d07        0x1 
 .rodata.str1.4
                0x08003d08        0xc build/usart.o
 .rodata.str1.4
                0x08003d14       0x10 build/usbd_conf.o
 .rodata.str1.4
                0x08003d24       0x58 build/usbd_desc.o
                                 0x56 (size before relaxing)
 .rodata.AHBPrescTable
                0x08003d7c       0x10 build/system_stm32f4xx.o
                0x08003d7c                AHBPrescTable
 .rodata.APBPrescTable
                0x08003d8c        0x8 build/system_stm32f4xx.o
                0x08003d8c                APBPrescTable
 .rodata.str1.1
                0x08003d94        0x2 /usr/lib/gcc/arm-none-eabi/4.9.3/../../../arm-none-eabi/lib/armv7e-m/fpu/libc_nano.a(lib_a-impure.o)
                0x08003d98                . = ALIGN (0x4)
 *fill*         0x08003d96        0x2 

.ARM.extab
 *(.ARM.extab* .gnu.linkonce.armextab.*)

.ARM            0x08003d98        0x8
                0x08003d98                __exidx_start = .
 *(.ARM.exidx*)
 .ARM.exidx     0x08003d98        0x8 /usr/lib/gcc/arm-none-eabi/4.9.3/armv7e-m/fpu/libgcc.a(_divdi3.o)
 .ARM.exidx     0x08003da0        0x0 /usr/lib/gcc/arm-none-eabi/4.9.3/armv7e-m/fpu/libgcc.a(_udivdi3.o)
                                  0x8 (size before relaxing)
                0x08003da0                __exidx_end = .

.rel.dyn        0x08003da0        0x0
 .rel.iplt      0x08003da0        0x0 /usr/lib/gcc/arm-none-eabi/4.9.3/armv7e-m/fpu/crtbegin.o

.preinit_array  0x08003da0        0x0
                0x08003da0                PROVIDE (__preinit_array_start, .)
 *(.preinit_array*)
                0x08003da0                PROVIDE (__preinit_array_end, .)

.init_array     0x08003da0        0x4
                0x08003da0                PROVIDE (__init_array_start, .)
 *(SORT(.init_array.*))
 *(.init_array*)
 .init_array    0x08003da0        0x4 /usr/lib/gcc/arm-none-eabi/4.9.3/armv7e-m/fpu/crtbegin.o
                0x08003da4                PROVIDE (__init_array_end, .)

.fini_array     0x08003da4        0x4
                0x08003da4                PROVIDE (__fini_array_start, .)
 *(SORT(.fini_array.*))
 *(.fini_array*)
 .fini_array    0x08003da4        0x4 /usr/lib/gcc/arm-none-eabi/4.9.3/armv7e-m/fpu/crtbegin.o
                0x08003da8                PROVIDE (__fini_array_end, .)
                0x08003da8                _sidata = LOADADDR (.data)

.data           0x20000000      0x1c4 load address 0x08003da8
                0x20000000                . = ALIGN (0x4)
                0x20000000                _sdata = .
 *(.data)
 *(.data*)
 .data.FS_Desc  0x20000000       0x1c build/usbd_desc.o
                0x20000000                FS_Desc
 .data.USBD_LangIDDesc
                0x2000001c        0x4 build/usbd_desc.o
                0x2000001c                USBD_LangIDDesc
 .data.USBD_FS_DeviceDesc
                0x20000020       0x12 build/usbd_desc.o
                0x20000020                USBD_FS_DeviceDesc
 *fill*         0x20000032        0x2 
 .data.USBD_Interface_fops_FS
                0x20000034       0x10 build/usbd_cdc_if.o
                0x20000034                USBD_Interface_fops_FS
 .data.uwTickPrio
                0x20000044        0x4 build/stm32f4xx_hal.o
                0x20000044                uwTickPrio
 .data.uwTickFreq
                0x20000048        0x1 build/stm32f4xx_hal.o
                0x20000048                uwTickFreq
 *fill*         0x20000049        0x3 
 .data.SystemCoreClock
                0x2000004c        0x4 build/system_stm32f4xx.o
                0x2000004c                SystemCoreClock
 .data.USBD_CDC_CfgFSDesc
                0x20000050       0x43 build/usbd_cdc.o
                0x20000050                USBD_CDC_CfgFSDesc
 *fill*         0x20000093        0x1 
 .data.USBD_CDC
                0x20000094       0x38 build/usbd_cdc.o
                0x20000094                USBD_CDC
 .data.USBD_CDC_DeviceQualifierDesc
                0x200000cc        0xa build/usbd_cdc.o
 *fill*         0x200000d6        0x2 
 .data.USBD_CDC_OtherSpeedCfgDesc
                0x200000d8       0x43 build/usbd_cdc.o
                0x200000d8                USBD_CDC_OtherSpeedCfgDesc
 *fill*         0x2000011b        0x1 
 .data.USBD_CDC_CfgHSDesc
                0x2000011c       0x43 build/usbd_cdc.o
                0x2000011c                USBD_CDC_CfgHSDesc
 *fill*         0x2000015f        0x1 
 .data.impure_data
                0x20000160       0x60 /usr/lib/gcc/arm-none-eabi/4.9.3/../../../arm-none-eabi/lib/armv7e-m/fpu/libc_nano.a(lib_a-impure.o)
 .data._impure_ptr
                0x200001c0        0x4 /usr/lib/gcc/arm-none-eabi/4.9.3/../../../arm-none-eabi/lib/armv7e-m/fpu/libc_nano.a(lib_a-impure.o)
                0x200001c0                _impure_ptr
                0x200001c4                . = ALIGN (0x4)
                0x200001c4                _edata = .
                0x08003f6c                _siccmram = LOADADDR (.ccmram)

.jcr            0x200001c4        0x0 load address 0x08003f6c
 .jcr           0x200001c4        0x0 /usr/lib/gcc/arm-none-eabi/4.9.3/armv7e-m/fpu/crtbegin.o

.tm_clone_table
                0x200001c4        0x0 load address 0x08003f6c
 .tm_clone_table
                0x200001c4        0x0 /usr/lib/gcc/arm-none-eabi/4.9.3/armv7e-m/fpu/crtbegin.o
 .tm_clone_table
                0x200001c4        0x0 /usr/lib/gcc/arm-none-eabi/4.9.3/armv7e-m/fpu/crtend.o

.igot.plt       0x200001c4        0x0 load address 0x08003f6c
 .igot.plt      0x200001c4        0x0 /usr/lib/gcc/arm-none-eabi/4.9.3/armv7e-m/fpu/crtbegin.o

.ccmram         0x10000000        0x0 load address 0x08003f6c
                0x10000000                . = ALIGN (0x4)
                0x10000000                _sccmram = .
 *(.ccmram)
 *(.ccmram*)
                0x10000000                . = ALIGN (0x4)
                0x10000000                _eccmram = .
                0x10000000                . = ALIGN (0x4)

.bss            0x200001c4     0x1888
                0x200001c4                _sbss = .
                0x200001c4                __bss_start__ = _sbss
 *(.bss)
 .bss           0x200001c4       0x1c /usr/lib/gcc/arm-none-eabi/4.9.3/armv7e-m/fpu/crtbegin.o
 *(.bss*)
 .bss.cfgidx.8272
                0x200001e0        0x1 build/usbd_ctlreq.o
 .bss.ifalt.8267
                0x200001e1        0x1 build/usbd_cdc.o
 *fill*         0x200001e2        0x2 
 .bss.__malloc_sbrk_start
                0x200001e4        0x4 /usr/lib/gcc/arm-none-eabi/4.9.3/../../../arm-none-eabi/lib/armv7e-m/fpu/libc_nano.a(lib_a-nano-mallocr.o)
                0x200001e4                __malloc_sbrk_start
 .bss.__malloc_free_list
                0x200001e8        0x4 /usr/lib/gcc/arm-none-eabi/4.9.3/../../../arm-none-eabi/lib/armv7e-m/fpu/libc_nano.a(lib_a-nano-mallocr.o)
                0x200001e8                __malloc_free_list
 .bss.heap_end.4079
                0x200001ec        0x4 /usr/lib/gcc/arm-none-eabi/4.9.3/../../../arm-none-eabi/lib/armv7e-m/fpu/libnosys.a(sbrk.o)
 *(COMMON)
 COMMON         0x200001f0       0x40 build/usart.o
                0x200001f0                huart1
 COMMON         0x20000230      0x224 build/usb_device.o
                0x20000230                hUsbDeviceFS
 COMMON         0x20000454      0x3f0 build/usbd_conf.o
                0x20000454                hpcd_USB_OTG_FS
 COMMON         0x20000844      0x200 build/usbd_desc.o
                0x20000844                USBD_StrDesc
 COMMON         0x20000a44     0x1000 build/usbd_cdc_if.o
                0x20000a44                UserRxBufferFS
                0x20001244                UserTxBufferFS
 COMMON         0x20001a44        0x4 build/stm32f4xx_hal.o
                0x20001a44                uwTick
 COMMON         0x20001a48        0x4 /usr/lib/gcc/arm-none-eabi/4.9.3/../../../arm-none-eabi/lib/armv7e-m/fpu/libc_nano.a(lib_a-reent.o)
                0x20001a48                errno
                0x20001a4c                . = ALIGN (0x4)
                0x20001a4c                _ebss = .
                0x20001a4c                __bss_end__ = _ebss

._user_heap_stack
                0x20001a4c      0x604
                0x20001a50                . = ALIGN (0x8)
 *fill*         0x20001a4c        0x4 
                0x20001a50                PROVIDE (end, .)
                [!provide]                PROVIDE (_end, .)
                0x20001c50                . = (. + _Min_Heap_Size)
 *fill*         0x20001a50      0x200 
                0x20002050                . = (. + _Min_Stack_Size)
 *fill*         0x20001c50      0x400 
                0x20002050                . = ALIGN (0x8)

/DISCARD/
 libc.a(*)
 libm.a(*)
 libgcc.a(*)

.ARM.attributes
                0x00000000       0x30
 *(.ARM.attributes)
 .ARM.attributes
                0x00000000       0x22 /usr/lib/gcc/arm-none-eabi/4.9.3/armv7e-m/fpu/crti.o
 .ARM.attributes
                0x00000022       0x34 /usr/lib/gcc/arm-none-eabi/4.9.3/armv7e-m/fpu/crtbegin.o
 .ARM.attributes
                0x00000056       0x39 build/main.o
 .ARM.attributes
                0x0000008f       0x39 build/gpio.o
 .ARM.attributes
                0x000000c8       0x39 build/usart.o
 .ARM.attributes
                0x00000101       0x39 build/usb_device.o
 .ARM.attributes
                0x0000013a       0x39 build/usbd_conf.o
 .ARM.attributes
                0x00000173       0x39 build/usbd_desc.o
 .ARM.attributes
                0x000001ac       0x39 build/usbd_cdc_if.o
 .ARM.attributes
                0x000001e5       0x39 build/stm32f4xx_it.o
 .ARM.attributes
                0x0000021e       0x39 build/stm32f4xx_hal_msp.o
 .ARM.attributes
                0x00000257       0x39 build/stm32f4xx_hal_pcd.o
 .ARM.attributes
                0x00000290       0x39 build/stm32f4xx_hal_pcd_ex.o
 .ARM.attributes
                0x000002c9       0x39 build/stm32f4xx_ll_usb.o
 .ARM.attributes
                0x00000302       0x39 build/stm32f4xx_hal_uart.o
 .ARM.attributes
                0x0000033b       0x39 build/stm32f4xx_hal_rcc.o
 .ARM.attributes
                0x00000374       0x39 build/stm32f4xx_hal_gpio.o
 .ARM.attributes
                0x000003ad       0x39 build/stm32f4xx_hal_cortex.o
 .ARM.attributes
                0x000003e6       0x39 build/stm32f4xx_hal.o
 .ARM.attributes
                0x0000041f       0x39 build/system_stm32f4xx.o
 .ARM.attributes
                0x00000458       0x39 build/usbd_core.o
 .ARM.attributes
                0x00000491       0x39 build/usbd_ctlreq.o
 .ARM.attributes
                0x000004ca       0x39 build/usbd_ioreq.o
 .ARM.attributes
                0x00000503       0x39 build/usbd_cdc.o
 .ARM.attributes
                0x0000053c       0x21 build/startup_stm32f407xx.o
 .ARM.attributes
                0x0000055d       0x34 /usr/lib/gcc/arm-none-eabi/4.9.3/../../../arm-none-eabi/lib/armv7e-m/fpu/libc_nano.a(lib_a-impure.o)
 .ARM.attributes
                0x00000591       0x34 /usr/lib/gcc/arm-none-eabi/4.9.3/../../../arm-none-eabi/lib/armv7e-m/fpu/libc_nano.a(lib_a-init.o)
 .ARM.attributes
                0x000005c5       0x34 /usr/lib/gcc/arm-none-eabi/4.9.3/../../../arm-none-eabi/lib/armv7e-m/fpu/libc_nano.a(lib_a-malloc.o)
 .ARM.attributes
                0x000005f9       0x34 /usr/lib/gcc/arm-none-eabi/4.9.3/../../../arm-none-eabi/lib/armv7e-m/fpu/libc_nano.a(lib_a-nano-freer.o)
 .ARM.attributes
                0x0000062d       0x34 /usr/lib/gcc/arm-none-eabi/4.9.3/../../../arm-none-eabi/lib/armv7e-m/fpu/libc_nano.a(lib_a-nano-mallocr.o)
 .ARM.attributes
                0x00000661       0x34 /usr/lib/gcc/arm-none-eabi/4.9.3/../../../arm-none-eabi/lib/armv7e-m/fpu/libc_nano.a(lib_a-sbrkr.o)
 .ARM.attributes
                0x00000695       0x34 /usr/lib/gcc/arm-none-eabi/4.9.3/../../../arm-none-eabi/lib/armv7e-m/fpu/libc_nano.a(lib_a-reent.o)
 .ARM.attributes
                0x000006c9       0x34 /usr/lib/gcc/arm-none-eabi/4.9.3/../../../arm-none-eabi/lib/armv7e-m/fpu/libnosys.a(sbrk.o)
 .ARM.attributes
                0x000006fd       0x22 /usr/lib/gcc/arm-none-eabi/4.9.3/armv7e-m/fpu/libgcc.a(_aeabi_uldivmod.o)
 .ARM.attributes
                0x0000071f       0x34 /usr/lib/gcc/arm-none-eabi/4.9.3/armv7e-m/fpu/libgcc.a(bpabi.o)
 .ARM.attributes
                0x00000753       0x22 /usr/lib/gcc/arm-none-eabi/4.9.3/armv7e-m/fpu/libgcc.a(_dvmd_tls.o)
 .ARM.attributes
                0x00000775       0x34 /usr/lib/gcc/arm-none-eabi/4.9.3/armv7e-m/fpu/libgcc.a(_divdi3.o)
 .ARM.attributes
                0x000007a9       0x34 /usr/lib/gcc/arm-none-eabi/4.9.3/armv7e-m/fpu/libgcc.a(_udivdi3.o)
 .ARM.attributes
                0x000007dd       0x34 /usr/lib/gcc/arm-none-eabi/4.9.3/armv7e-m/fpu/crtend.o
 .ARM.attributes
                0x00000811       0x22 /usr/lib/gcc/arm-none-eabi/4.9.3/armv7e-m/fpu/crtn.o
OUTPUT(build/USBF4.elf elf32-littlearm)

.comment        0x00000000       0x70
 .comment       0x00000000       0x38 /usr/lib/gcc/arm-none-eabi/4.9.3/armv7e-m/fpu/crtbegin.o
                                 0x39 (size before relaxing)
 .comment       0x00000038       0x39 build/main.o
 .comment       0x00000038       0x39 build/gpio.o
 .comment       0x00000038       0x39 build/usart.o
 .comment       0x00000038       0x39 build/usb_device.o
 .comment       0x00000038       0x39 build/usbd_conf.o
 .comment       0x00000038       0x39 build/usbd_desc.o
 .comment       0x00000038       0x39 build/usbd_cdc_if.o
 .comment       0x00000038       0x39 build/stm32f4xx_it.o
 .comment       0x00000038       0x39 build/stm32f4xx_hal_msp.o
 .comment       0x00000038       0x39 build/stm32f4xx_hal_pcd.o
 .comment       0x00000038       0x39 build/stm32f4xx_hal_pcd_ex.o
 .comment       0x00000038       0x39 build/stm32f4xx_ll_usb.o
 .comment       0x00000038       0x39 build/stm32f4xx_hal_uart.o
 .comment       0x00000038       0x39 build/stm32f4xx_hal_rcc.o
 .comment       0x00000038       0x39 build/stm32f4xx_hal_gpio.o
 .comment       0x00000038       0x39 build/stm32f4xx_hal_cortex.o
 .comment       0x00000038       0x39 build/stm32f4xx_hal.o
 .comment       0x00000038       0x39 build/system_stm32f4xx.o
 .comment       0x00000038       0x39 build/usbd_core.o
 .comment       0x00000038       0x39 build/usbd_ctlreq.o
 .comment       0x00000038       0x39 build/usbd_ioreq.o
 .comment       0x00000038       0x39 build/usbd_cdc.o
 .comment       0x00000038       0x38 /usr/lib/gcc/arm-none-eabi/4.9.3/../../../arm-none-eabi/lib/armv7e-m/fpu/libc_nano.a(lib_a-impure.o)
                                 0x39 (size before relaxing)
 .comment       0x00000070       0x39 /usr/lib/gcc/arm-none-eabi/4.9.3/../../../arm-none-eabi/lib/armv7e-m/fpu/libc_nano.a(lib_a-init.o)
 .comment       0x00000070       0x39 /usr/lib/gcc/arm-none-eabi/4.9.3/../../../arm-none-eabi/lib/armv7e-m/fpu/libc_nano.a(lib_a-malloc.o)
 .comment       0x00000070       0x39 /usr/lib/gcc/arm-none-eabi/4.9.3/../../../arm-none-eabi/lib/armv7e-m/fpu/libc_nano.a(lib_a-nano-freer.o)
 .comment       0x00000070       0x39 /usr/lib/gcc/arm-none-eabi/4.9.3/../../../arm-none-eabi/lib/armv7e-m/fpu/libc_nano.a(lib_a-nano-mallocr.o)
 .comment       0x00000070       0x39 /usr/lib/gcc/arm-none-eabi/4.9.3/../../../arm-none-eabi/lib/armv7e-m/fpu/libc_nano.a(lib_a-sbrkr.o)
 .comment       0x00000070       0x39 /usr/lib/gcc/arm-none-eabi/4.9.3/../../../arm-none-eabi/lib/armv7e-m/fpu/libc_nano.a(lib_a-reent.o)
 .comment       0x00000070       0x39 /usr/lib/gcc/arm-none-eabi/4.9.3/../../../arm-none-eabi/lib/armv7e-m/fpu/libnosys.a(sbrk.o)
 .comment       0x00000070       0x39 /usr/lib/gcc/arm-none-eabi/4.9.3/armv7e-m/fpu/libgcc.a(bpabi.o)
 .comment       0x00000070       0x39 /usr/lib/gcc/arm-none-eabi/4.9.3/armv7e-m/fpu/libgcc.a(_divdi3.o)
 .comment       0x00000070       0x39 /usr/lib/gcc/arm-none-eabi/4.9.3/armv7e-m/fpu/libgcc.a(_udivdi3.o)
 .comment       0x00000070       0x39 /usr/lib/gcc/arm-none-eabi/4.9.3/armv7e-m/fpu/crtend.o

.debug_info     0x00000000    0x14b2c
 .debug_info    0x00000000      0x8fd build/main.o
 .debug_info    0x000008fd      0x316 build/gpio.o
 .debug_info    0x00000c13      0xa36 build/usart.o
 .debug_info    0x00001649      0x705 build/usb_device.o
 .debug_info    0x00001d4e     0x1e0d build/usbd_conf.o
 .debug_info    0x00003b5b      0x510 build/usbd_desc.o
 .debug_info    0x0000406b      0x900 build/usbd_cdc_if.o
 .debug_info    0x0000496b      0x636 build/stm32f4xx_it.o
 .debug_info    0x00004fa1      0x658 build/stm32f4xx_hal_msp.o
 .debug_info    0x000055f9     0x173c build/stm32f4xx_hal_pcd.o
 .debug_info    0x00006d35      0x5d2 build/stm32f4xx_hal_pcd_ex.o
 .debug_info    0x00007307     0x189b build/stm32f4xx_ll_usb.o
 .debug_info    0x00008ba2     0x183b build/stm32f4xx_hal_uart.o
 .debug_info    0x0000a3dd      0xb19 build/stm32f4xx_hal_rcc.o
 .debug_info    0x0000aef6      0x79d build/stm32f4xx_hal_gpio.o
 .debug_info    0x0000b693      0xfda build/stm32f4xx_hal_cortex.o
 .debug_info    0x0000c66d      0xa5d build/stm32f4xx_hal.o
 .debug_info    0x0000d0ca      0x545 build/system_stm32f4xx.o
 .debug_info    0x0000d60f      0xe02 build/usbd_core.o
 .debug_info    0x0000e411      0xf1a build/usbd_ctlreq.o
 .debug_info    0x0000f32b      0x828 build/usbd_ioreq.o
 .debug_info    0x0000fb53      0xe8e build/usbd_cdc.o
 .debug_info    0x000109e1       0x4f build/startup_stm32f407xx.o
 .debug_info    0x00010a30      0x7d3 /usr/lib/gcc/arm-none-eabi/4.9.3/../../../arm-none-eabi/lib/armv7e-m/fpu/libc_nano.a(lib_a-impure.o)
 .debug_info    0x00011203      0x105 /usr/lib/gcc/arm-none-eabi/4.9.3/../../../arm-none-eabi/lib/armv7e-m/fpu/libc_nano.a(lib_a-init.o)
 .debug_info    0x00011308      0x7c1 /usr/lib/gcc/arm-none-eabi/4.9.3/../../../arm-none-eabi/lib/armv7e-m/fpu/libc_nano.a(lib_a-malloc.o)
 .debug_info    0x00011ac9      0x81a /usr/lib/gcc/arm-none-eabi/4.9.3/../../../arm-none-eabi/lib/armv7e-m/fpu/libc_nano.a(lib_a-nano-freer.o)
 .debug_info    0x000122e3      0x8fb /usr/lib/gcc/arm-none-eabi/4.9.3/../../../arm-none-eabi/lib/armv7e-m/fpu/libc_nano.a(lib_a-nano-mallocr.o)
 .debug_info    0x00012bde      0x7a0 /usr/lib/gcc/arm-none-eabi/4.9.3/../../../arm-none-eabi/lib/armv7e-m/fpu/libc_nano.a(lib_a-sbrkr.o)
 .debug_info    0x0001337e      0x8fb /usr/lib/gcc/arm-none-eabi/4.9.3/../../../arm-none-eabi/lib/armv7e-m/fpu/libc_nano.a(lib_a-reent.o)
 .debug_info    0x00013c79       0x99 /usr/lib/gcc/arm-none-eabi/4.9.3/../../../arm-none-eabi/lib/armv7e-m/fpu/libnosys.a(sbrk.o)
 .debug_info    0x00013d12       0xbd /usr/lib/gcc/arm-none-eabi/4.9.3/armv7e-m/fpu/libgcc.a(_aeabi_uldivmod.o)
 .debug_info    0x00013dcf      0x164 /usr/lib/gcc/arm-none-eabi/4.9.3/armv7e-m/fpu/libgcc.a(bpabi.o)
 .debug_info    0x00013f33       0xc1 /usr/lib/gcc/arm-none-eabi/4.9.3/armv7e-m/fpu/libgcc.a(_dvmd_tls.o)
 .debug_info    0x00013ff4      0x5bc /usr/lib/gcc/arm-none-eabi/4.9.3/armv7e-m/fpu/libgcc.a(_divdi3.o)
 .debug_info    0x000145b0      0x57c /usr/lib/gcc/arm-none-eabi/4.9.3/armv7e-m/fpu/libgcc.a(_udivdi3.o)

.debug_abbrev   0x00000000     0x3b6e
 .debug_abbrev  0x00000000      0x1f3 build/main.o
 .debug_abbrev  0x000001f3       0xd8 build/gpio.o
 .debug_abbrev  0x000002cb      0x1bc build/usart.o
 .debug_abbrev  0x00000487      0x175 build/usb_device.o
 .debug_abbrev  0x000005fc      0x2af build/usbd_conf.o
 .debug_abbrev  0x000008ab      0x166 build/usbd_desc.o
 .debug_abbrev  0x00000a11      0x22f build/usbd_cdc_if.o
 .debug_abbrev  0x00000c40      0x183 build/stm32f4xx_it.o
 .debug_abbrev  0x00000dc3      0x134 build/stm32f4xx_hal_msp.o
 .debug_abbrev  0x00000ef7      0x2c9 build/stm32f4xx_hal_pcd.o
 .debug_abbrev  0x000011c0      0x16d build/stm32f4xx_hal_pcd_ex.o
 .debug_abbrev  0x0000132d      0x26f build/stm32f4xx_ll_usb.o
 .debug_abbrev  0x0000159c      0x2e6 build/stm32f4xx_hal_uart.o
 .debug_abbrev  0x00001882      0x2b7 build/stm32f4xx_hal_rcc.o
 .debug_abbrev  0x00001b39      0x200 build/stm32f4xx_hal_gpio.o
 .debug_abbrev  0x00001d39      0x2e4 build/stm32f4xx_hal_cortex.o
 .debug_abbrev  0x0000201d      0x235 build/stm32f4xx_hal.o
 .debug_abbrev  0x00002252      0x103 build/system_stm32f4xx.o
 .debug_abbrev  0x00002355      0x23f build/usbd_core.o
 .debug_abbrev  0x00002594      0x28b build/usbd_ctlreq.o
 .debug_abbrev  0x0000281f      0x15d build/usbd_ioreq.o
 .debug_abbrev  0x0000297c      0x298 build/usbd_cdc.o
 .debug_abbrev  0x00002c14       0x12 build/startup_stm32f407xx.o
 .debug_abbrev  0x00002c26      0x136 /usr/lib/gcc/arm-none-eabi/4.9.3/../../../arm-none-eabi/lib/armv7e-m/fpu/libc_nano.a(lib_a-impure.o)
 .debug_abbrev  0x00002d5c       0xba /usr/lib/gcc/arm-none-eabi/4.9.3/../../../arm-none-eabi/lib/armv7e-m/fpu/libc_nano.a(lib_a-init.o)
 .debug_abbrev  0x00002e16      0x19f /usr/lib/gcc/arm-none-eabi/4.9.3/../../../arm-none-eabi/lib/armv7e-m/fpu/libc_nano.a(lib_a-malloc.o)
 .debug_abbrev  0x00002fb5      0x1b6 /usr/lib/gcc/arm-none-eabi/4.9.3/../../../arm-none-eabi/lib/armv7e-m/fpu/libc_nano.a(lib_a-nano-freer.o)
 .debug_abbrev  0x0000316b      0x250 /usr/lib/gcc/arm-none-eabi/4.9.3/../../../arm-none-eabi/lib/armv7e-m/fpu/libc_nano.a(lib_a-nano-mallocr.o)
 .debug_abbrev  0x000033bb      0x1a2 /usr/lib/gcc/arm-none-eabi/4.9.3/../../../arm-none-eabi/lib/armv7e-m/fpu/libc_nano.a(lib_a-sbrkr.o)
 .debug_abbrev  0x0000355d      0x1f2 /usr/lib/gcc/arm-none-eabi/4.9.3/../../../arm-none-eabi/lib/armv7e-m/fpu/libc_nano.a(lib_a-reent.o)
 .debug_abbrev  0x0000374f       0x83 /usr/lib/gcc/arm-none-eabi/4.9.3/../../../arm-none-eabi/lib/armv7e-m/fpu/libnosys.a(sbrk.o)
 .debug_abbrev  0x000037d2       0x14 /usr/lib/gcc/arm-none-eabi/4.9.3/armv7e-m/fpu/libgcc.a(_aeabi_uldivmod.o)
 .debug_abbrev  0x000037e6       0xb7 /usr/lib/gcc/arm-none-eabi/4.9.3/armv7e-m/fpu/libgcc.a(bpabi.o)
 .debug_abbrev  0x0000389d       0x14 /usr/lib/gcc/arm-none-eabi/4.9.3/armv7e-m/fpu/libgcc.a(_dvmd_tls.o)
 .debug_abbrev  0x000038b1      0x169 /usr/lib/gcc/arm-none-eabi/4.9.3/armv7e-m/fpu/libgcc.a(_divdi3.o)
 .debug_abbrev  0x00003a1a      0x154 /usr/lib/gcc/arm-none-eabi/4.9.3/armv7e-m/fpu/libgcc.a(_udivdi3.o)

.debug_loc      0x00000000     0xa8a5
 .debug_loc     0x00000000       0x59 build/main.o
 .debug_loc     0x00000059       0x2c build/gpio.o
 .debug_loc     0x00000085       0xd1 build/usart.o
 .debug_loc     0x00000156       0x20 build/usb_device.o
 .debug_loc     0x00000176      0xeec build/usbd_conf.o
 .debug_loc     0x00001062      0x357 build/usbd_desc.o
 .debug_loc     0x000013b9      0x196 build/usbd_cdc_if.o
 .debug_loc     0x0000154f       0x40 build/stm32f4xx_it.o
 .debug_loc     0x0000158f       0x38 build/stm32f4xx_hal_msp.o
 .debug_loc     0x000015c7      0xd64 build/stm32f4xx_hal_pcd.o
 .debug_loc     0x0000232b       0xfc build/stm32f4xx_hal_pcd_ex.o
 .debug_loc     0x00002427     0x1b2d build/stm32f4xx_ll_usb.o
 .debug_loc     0x00003f54     0x179e build/stm32f4xx_hal_uart.o
 .debug_loc     0x000056f2      0x603 build/stm32f4xx_hal_rcc.o
 .debug_loc     0x00005cf5      0x400 build/stm32f4xx_hal_gpio.o
 .debug_loc     0x000060f5      0x566 build/stm32f4xx_hal_cortex.o
 .debug_loc     0x0000665b      0x1a8 build/stm32f4xx_hal.o
 .debug_loc     0x00006803      0x137 build/system_stm32f4xx.o
 .debug_loc     0x0000693a      0x7aa build/usbd_core.o
 .debug_loc     0x000070e4      0xce3 build/usbd_ctlreq.o
 .debug_loc     0x00007dc7      0x2e4 build/usbd_ioreq.o
 .debug_loc     0x000080ab      0x591 build/usbd_cdc.o
 .debug_loc     0x0000863c       0x54 /usr/lib/gcc/arm-none-eabi/4.9.3/../../../arm-none-eabi/lib/armv7e-m/fpu/libc_nano.a(lib_a-init.o)
 .debug_loc     0x00008690       0x58 /usr/lib/gcc/arm-none-eabi/4.9.3/../../../arm-none-eabi/lib/armv7e-m/fpu/libc_nano.a(lib_a-malloc.o)
 .debug_loc     0x000086e8      0x172 /usr/lib/gcc/arm-none-eabi/4.9.3/../../../arm-none-eabi/lib/armv7e-m/fpu/libc_nano.a(lib_a-nano-freer.o)
 .debug_loc     0x0000885a      0x304 /usr/lib/gcc/arm-none-eabi/4.9.3/../../../arm-none-eabi/lib/armv7e-m/fpu/libc_nano.a(lib_a-nano-mallocr.o)
 .debug_loc     0x00008b5e       0x4d /usr/lib/gcc/arm-none-eabi/4.9.3/../../../arm-none-eabi/lib/armv7e-m/fpu/libc_nano.a(lib_a-sbrkr.o)
 .debug_loc     0x00008bab       0xfa /usr/lib/gcc/arm-none-eabi/4.9.3/../../../arm-none-eabi/lib/armv7e-m/fpu/libc_nano.a(lib_a-reent.o)
 .debug_loc     0x00008ca5       0x21 /usr/lib/gcc/arm-none-eabi/4.9.3/../../../arm-none-eabi/lib/armv7e-m/fpu/libnosys.a(sbrk.o)
 .debug_loc     0x00008cc6       0xa0 /usr/lib/gcc/arm-none-eabi/4.9.3/armv7e-m/fpu/libgcc.a(bpabi.o)
 .debug_loc     0x00008d66      0xdef /usr/lib/gcc/arm-none-eabi/4.9.3/armv7e-m/fpu/libgcc.a(_divdi3.o)
 .debug_loc     0x00009b55      0xd50 /usr/lib/gcc/arm-none-eabi/4.9.3/armv7e-m/fpu/libgcc.a(_udivdi3.o)

.debug_aranges  0x00000000      0xdc8
 .debug_aranges
                0x00000000       0x30 build/main.o
 .debug_aranges
                0x00000030       0x20 build/gpio.o
 .debug_aranges
                0x00000050       0x30 build/usart.o
 .debug_aranges
                0x00000080       0x20 build/usb_device.o
 .debug_aranges
                0x000000a0       0xf8 build/usbd_conf.o
 .debug_aranges
                0x00000198       0x50 build/usbd_desc.o
 .debug_aranges
                0x000001e8       0x40 build/usbd_cdc_if.o
 .debug_aranges
                0x00000228       0x68 build/stm32f4xx_it.o
 .debug_aranges
                0x00000290       0x20 build/stm32f4xx_hal_msp.o
 .debug_aranges
                0x000002b0      0x120 build/stm32f4xx_hal_pcd.o
 .debug_aranges
                0x000003d0       0x28 build/stm32f4xx_hal_pcd_ex.o
 .debug_aranges
                0x000003f8      0x180 build/stm32f4xx_ll_usb.o
 .debug_aranges
                0x00000578      0x1d0 build/stm32f4xx_hal_uart.o
 .debug_aranges
                0x00000748       0x88 build/stm32f4xx_hal_rcc.o
 .debug_aranges
                0x000007d0       0x58 build/stm32f4xx_hal_gpio.o
 .debug_aranges
                0x00000828       0xa8 build/stm32f4xx_hal_cortex.o
 .debug_aranges
                0x000008d0       0xe0 build/stm32f4xx_hal.o
 .debug_aranges
                0x000009b0       0x28 build/system_stm32f4xx.o
 .debug_aranges
                0x000009d8       0xb8 build/usbd_core.o
 .debug_aranges
                0x00000a90       0x88 build/usbd_ctlreq.o
 .debug_aranges
                0x00000b18       0x50 build/usbd_ioreq.o
 .debug_aranges
                0x00000b68       0x90 build/usbd_cdc.o
 .debug_aranges
                0x00000bf8       0x28 build/startup_stm32f407xx.o
 .debug_aranges
                0x00000c20       0x18 /usr/lib/gcc/arm-none-eabi/4.9.3/../../../arm-none-eabi/lib/armv7e-m/fpu/libc_nano.a(lib_a-impure.o)
 .debug_aranges
                0x00000c38       0x20 /usr/lib/gcc/arm-none-eabi/4.9.3/../../../arm-none-eabi/lib/armv7e-m/fpu/libc_nano.a(lib_a-init.o)
 .debug_aranges
                0x00000c58       0x28 /usr/lib/gcc/arm-none-eabi/4.9.3/../../../arm-none-eabi/lib/armv7e-m/fpu/libc_nano.a(lib_a-malloc.o)
 .debug_aranges
                0x00000c80       0x20 /usr/lib/gcc/arm-none-eabi/4.9.3/../../../arm-none-eabi/lib/armv7e-m/fpu/libc_nano.a(lib_a-nano-freer.o)
 .debug_aranges
                0x00000ca0       0x20 /usr/lib/gcc/arm-none-eabi/4.9.3/../../../arm-none-eabi/lib/armv7e-m/fpu/libc_nano.a(lib_a-nano-mallocr.o)
 .debug_aranges
                0x00000cc0       0x20 /usr/lib/gcc/arm-none-eabi/4.9.3/../../../arm-none-eabi/lib/armv7e-m/fpu/libc_nano.a(lib_a-sbrkr.o)
 .debug_aranges
                0x00000ce0       0x28 /usr/lib/gcc/arm-none-eabi/4.9.3/../../../arm-none-eabi/lib/armv7e-m/fpu/libc_nano.a(lib_a-reent.o)
 .debug_aranges
                0x00000d08       0x20 /usr/lib/gcc/arm-none-eabi/4.9.3/../../../arm-none-eabi/lib/armv7e-m/fpu/libnosys.a(sbrk.o)
 .debug_aranges
                0x00000d28       0x20 /usr/lib/gcc/arm-none-eabi/4.9.3/armv7e-m/fpu/libgcc.a(_aeabi_uldivmod.o)
 .debug_aranges
                0x00000d48       0x20 /usr/lib/gcc/arm-none-eabi/4.9.3/armv7e-m/fpu/libgcc.a(bpabi.o)
 .debug_aranges
                0x00000d68       0x20 /usr/lib/gcc/arm-none-eabi/4.9.3/armv7e-m/fpu/libgcc.a(_dvmd_tls.o)
 .debug_aranges
                0x00000d88       0x20 /usr/lib/gcc/arm-none-eabi/4.9.3/armv7e-m/fpu/libgcc.a(_divdi3.o)
 .debug_aranges
                0x00000da8       0x20 /usr/lib/gcc/arm-none-eabi/4.9.3/armv7e-m/fpu/libgcc.a(_udivdi3.o)

.debug_ranges   0x00000000      0xd28
 .debug_ranges  0x00000000       0x20 build/main.o
 .debug_ranges  0x00000020       0x10 build/gpio.o
 .debug_ranges  0x00000030       0x20 build/usart.o
 .debug_ranges  0x00000050       0x10 build/usb_device.o
 .debug_ranges  0x00000060       0xe8 build/usbd_conf.o
 .debug_ranges  0x00000148       0x40 build/usbd_desc.o
 .debug_ranges  0x00000188       0x30 build/usbd_cdc_if.o
 .debug_ranges  0x000001b8       0x58 build/stm32f4xx_it.o
 .debug_ranges  0x00000210       0x10 build/stm32f4xx_hal_msp.o
 .debug_ranges  0x00000220      0x110 build/stm32f4xx_hal_pcd.o
 .debug_ranges  0x00000330       0x18 build/stm32f4xx_hal_pcd_ex.o
 .debug_ranges  0x00000348      0x170 build/stm32f4xx_ll_usb.o
 .debug_ranges  0x000004b8      0x1c0 build/stm32f4xx_hal_uart.o
 .debug_ranges  0x00000678       0x90 build/stm32f4xx_hal_rcc.o
 .debug_ranges  0x00000708       0x48 build/stm32f4xx_hal_gpio.o
 .debug_ranges  0x00000750       0x98 build/stm32f4xx_hal_cortex.o
 .debug_ranges  0x000007e8       0xd0 build/stm32f4xx_hal.o
 .debug_ranges  0x000008b8       0x18 build/system_stm32f4xx.o
 .debug_ranges  0x000008d0       0xa8 build/usbd_core.o
 .debug_ranges  0x00000978       0x78 build/usbd_ctlreq.o
 .debug_ranges  0x000009f0       0x40 build/usbd_ioreq.o
 .debug_ranges  0x00000a30       0x80 build/usbd_cdc.o
 .debug_ranges  0x00000ab0       0x20 build/startup_stm32f407xx.o
 .debug_ranges  0x00000ad0       0x10 /usr/lib/gcc/arm-none-eabi/4.9.3/../../../arm-none-eabi/lib/armv7e-m/fpu/libc_nano.a(lib_a-init.o)
 .debug_ranges  0x00000ae0       0x18 /usr/lib/gcc/arm-none-eabi/4.9.3/../../../arm-none-eabi/lib/armv7e-m/fpu/libc_nano.a(lib_a-malloc.o)
 .debug_ranges  0x00000af8       0x28 /usr/lib/gcc/arm-none-eabi/4.9.3/../../../arm-none-eabi/lib/armv7e-m/fpu/libc_nano.a(lib_a-nano-freer.o)
 .debug_ranges  0x00000b20       0x28 /usr/lib/gcc/arm-none-eabi/4.9.3/../../../arm-none-eabi/lib/armv7e-m/fpu/libc_nano.a(lib_a-nano-mallocr.o)
 .debug_ranges  0x00000b48       0x10 /usr/lib/gcc/arm-none-eabi/4.9.3/../../../arm-none-eabi/lib/armv7e-m/fpu/libc_nano.a(lib_a-sbrkr.o)
 .debug_ranges  0x00000b58       0x18 /usr/lib/gcc/arm-none-eabi/4.9.3/../../../arm-none-eabi/lib/armv7e-m/fpu/libc_nano.a(lib_a-reent.o)
 .debug_ranges  0x00000b70       0x10 /usr/lib/gcc/arm-none-eabi/4.9.3/../../../arm-none-eabi/lib/armv7e-m/fpu/libnosys.a(sbrk.o)
 .debug_ranges  0x00000b80       0xd0 /usr/lib/gcc/arm-none-eabi/4.9.3/armv7e-m/fpu/libgcc.a(_divdi3.o)
 .debug_ranges  0x00000c50       0xd8 /usr/lib/gcc/arm-none-eabi/4.9.3/armv7e-m/fpu/libgcc.a(_udivdi3.o)

.debug_line     0x00000000     0x51a0
 .debug_line    0x00000000      0x1f6 build/main.o
 .debug_line    0x000001f6       0xf3 build/gpio.o
 .debug_line    0x000002e9      0x1b6 build/usart.o
 .debug_line    0x0000049f      0x174 build/usb_device.o
 .debug_line    0x00000613      0x469 build/usbd_conf.o
 .debug_line    0x00000a7c      0x17f build/usbd_desc.o
 .debug_line    0x00000bfb      0x18f build/usbd_cdc_if.o
 .debug_line    0x00000d8a      0x230 build/stm32f4xx_it.o
 .debug_line    0x00000fba      0x141 build/stm32f4xx_hal_msp.o
 .debug_line    0x000010fb      0x65a build/stm32f4xx_hal_pcd.o
 .debug_line    0x00001755      0x1ad build/stm32f4xx_hal_pcd_ex.o
 .debug_line    0x00001902      0x76e build/stm32f4xx_ll_usb.o
 .debug_line    0x00002070      0xa47 build/stm32f4xx_hal_uart.o
 .debug_line    0x00002ab7      0x444 build/stm32f4xx_hal_rcc.o
 .debug_line    0x00002efb      0x2e3 build/stm32f4xx_hal_gpio.o
 .debug_line    0x000031de      0x364 build/stm32f4xx_hal_cortex.o
 .debug_line    0x00003542      0x368 build/stm32f4xx_hal.o
 .debug_line    0x000038aa      0x126 build/system_stm32f4xx.o
 .debug_line    0x000039d0      0x31f build/usbd_core.o
 .debug_line    0x00003cef      0x30c build/usbd_ctlreq.o
 .debug_line    0x00003ffb      0x1ab build/usbd_ioreq.o
 .debug_line    0x000041a6      0x33f build/usbd_cdc.o
 .debug_line    0x000044e5       0x74 build/startup_stm32f407xx.o
 .debug_line    0x00004559       0xf4 /usr/lib/gcc/arm-none-eabi/4.9.3/../../../arm-none-eabi/lib/armv7e-m/fpu/libc_nano.a(lib_a-impure.o)
 .debug_line    0x0000464d       0xb9 /usr/lib/gcc/arm-none-eabi/4.9.3/../../../arm-none-eabi/lib/armv7e-m/fpu/libc_nano.a(lib_a-init.o)
 .debug_line    0x00004706      0x171 /usr/lib/gcc/arm-none-eabi/4.9.3/../../../arm-none-eabi/lib/armv7e-m/fpu/libc_nano.a(lib_a-malloc.o)
 .debug_line    0x00004877      0x14c /usr/lib/gcc/arm-none-eabi/4.9.3/../../../arm-none-eabi/lib/armv7e-m/fpu/libc_nano.a(lib_a-nano-freer.o)
 .debug_line    0x000049c3      0x19c /usr/lib/gcc/arm-none-eabi/4.9.3/../../../arm-none-eabi/lib/armv7e-m/fpu/libc_nano.a(lib_a-nano-mallocr.o)
 .debug_line    0x00004b5f      0x165 /usr/lib/gcc/arm-none-eabi/4.9.3/../../../arm-none-eabi/lib/armv7e-m/fpu/libc_nano.a(lib_a-sbrkr.o)
 .debug_line    0x00004cc4      0x1a0 /usr/lib/gcc/arm-none-eabi/4.9.3/../../../arm-none-eabi/lib/armv7e-m/fpu/libc_nano.a(lib_a-reent.o)
 .debug_line    0x00004e64       0x5b /usr/lib/gcc/arm-none-eabi/4.9.3/../../../arm-none-eabi/lib/armv7e-m/fpu/libnosys.a(sbrk.o)
 .debug_line    0x00004ebf       0x65 /usr/lib/gcc/arm-none-eabi/4.9.3/armv7e-m/fpu/libgcc.a(_aeabi_uldivmod.o)
 .debug_line    0x00004f24       0x65 /usr/lib/gcc/arm-none-eabi/4.9.3/armv7e-m/fpu/libgcc.a(bpabi.o)
 .debug_line    0x00004f89       0x61 /usr/lib/gcc/arm-none-eabi/4.9.3/armv7e-m/fpu/libgcc.a(_dvmd_tls.o)
 .debug_line    0x00004fea       0xe2 /usr/lib/gcc/arm-none-eabi/4.9.3/armv7e-m/fpu/libgcc.a(_divdi3.o)
 .debug_line    0x000050cc       0xd4 /usr/lib/gcc/arm-none-eabi/4.9.3/armv7e-m/fpu/libgcc.a(_udivdi3.o)

.debug_str      0x00000000     0x44bd
 .debug_str     0x00000000      0x968 build/main.o
                                0x9c4 (size before relaxing)
 .debug_str     0x00000968        0xb build/gpio.o
                                0x289 (size before relaxing)
 .debug_str     0x00000973      0x497 build/usart.o
                                0x7af (size before relaxing)
 .debug_str     0x00000e0a      0x3d4 build/usb_device.o
                                0x61f (size before relaxing)
 .debug_str     0x000011de      0x7d6 build/usbd_conf.o
                               0x1451 (size before relaxing)
 .debug_str     0x000019b4      0x11a build/usbd_desc.o
                                0x3b7 (size before relaxing)
 .debug_str     0x00001ace      0x11b build/usbd_cdc_if.o
                                0x6e1 (size before relaxing)
 .debug_str     0x00001be9       0xeb build/stm32f4xx_it.o
                                0x595 (size before relaxing)
 .debug_str     0x00001cd4       0x41 build/stm32f4xx_hal_msp.o
                                0x7bf (size before relaxing)
 .debug_str     0x00001d15      0x494 build/stm32f4xx_hal_pcd.o
                                0xbdb (size before relaxing)
 .debug_str     0x000021a9       0x47 build/stm32f4xx_hal_pcd_ex.o
                                0x54b (size before relaxing)
 .debug_str     0x000021f0      0x398 build/stm32f4xx_ll_usb.o
                                0xb6f (size before relaxing)
 .debug_str     0x00002588      0x58c build/stm32f4xx_hal_uart.o
                                0xbc1 (size before relaxing)
 .debug_str     0x00002b14      0x1a9 build/stm32f4xx_hal_rcc.o
                                0x6be (size before relaxing)
 .debug_str     0x00002cbd      0x14e build/stm32f4xx_hal_gpio.o
                                0x4bf (size before relaxing)
 .debug_str     0x00002e0b      0x32c build/stm32f4xx_hal_cortex.o
                                0xbe9 (size before relaxing)
 .debug_str     0x00003137      0x277 build/stm32f4xx_hal.o
                                0xb1a (size before relaxing)
 .debug_str     0x000033ae       0x42 build/system_stm32f4xx.o
                                0x34f (size before relaxing)
 .debug_str     0x000033f0      0x13e build/usbd_core.o
                                0x810 (size before relaxing)
 .debug_str     0x0000352e       0xe2 build/usbd_ctlreq.o
                                0x72a (size before relaxing)
 .debug_str     0x00003610       0x60 build/usbd_ioreq.o
                                0x657 (size before relaxing)
 .debug_str     0x00003670      0x18a build/usbd_cdc.o
                                0x898 (size before relaxing)
 .debug_str     0x000037fa      0x4f6 /usr/lib/gcc/arm-none-eabi/4.9.3/../../../arm-none-eabi/lib/armv7e-m/fpu/libc_nano.a(lib_a-impure.o)
                                0x5ca (size before relaxing)
 .debug_str     0x00003cf0      0x100 /usr/lib/gcc/arm-none-eabi/4.9.3/../../../arm-none-eabi/lib/armv7e-m/fpu/libc_nano.a(lib_a-init.o)
                                0x281 (size before relaxing)
 .debug_str     0x00003df0       0xbe /usr/lib/gcc/arm-none-eabi/4.9.3/../../../arm-none-eabi/lib/armv7e-m/fpu/libc_nano.a(lib_a-malloc.o)
                                0x59f (size before relaxing)
 .debug_str     0x00003eae       0x93 /usr/lib/gcc/arm-none-eabi/4.9.3/../../../arm-none-eabi/lib/armv7e-m/fpu/libc_nano.a(lib_a-nano-freer.o)
                                0x5e3 (size before relaxing)
 .debug_str     0x00003f41       0x50 /usr/lib/gcc/arm-none-eabi/4.9.3/../../../arm-none-eabi/lib/armv7e-m/fpu/libc_nano.a(lib_a-nano-mallocr.o)
                                0x618 (size before relaxing)
 .debug_str     0x00003f91       0x3a /usr/lib/gcc/arm-none-eabi/4.9.3/../../../arm-none-eabi/lib/armv7e-m/fpu/libc_nano.a(lib_a-sbrkr.o)
                                0x582 (size before relaxing)
 .debug_str     0x00003fcb       0x5b /usr/lib/gcc/arm-none-eabi/4.9.3/../../../arm-none-eabi/lib/armv7e-m/fpu/libc_nano.a(lib_a-reent.o)
                                0x5aa (size before relaxing)
 .debug_str     0x00004026      0x135 /usr/lib/gcc/arm-none-eabi/4.9.3/../../../arm-none-eabi/lib/armv7e-m/fpu/libnosys.a(sbrk.o)
                                0x14e (size before relaxing)
 .debug_str     0x0000415b      0x1d3 /usr/lib/gcc/arm-none-eabi/4.9.3/armv7e-m/fpu/libgcc.a(bpabi.o)
                                0x1f8 (size before relaxing)
 .debug_str     0x0000432e      0x18f /usr/lib/gcc/arm-none-eabi/4.9.3/armv7e-m/fpu/libgcc.a(_divdi3.o)
                                0x2a6 (size before relaxing)
 .debug_str     0x000044bd      0x2a7 /usr/lib/gcc/arm-none-eabi/4.9.3/armv7e-m/fpu/libgcc.a(_udivdi3.o)

.debug_frame    0x00000000     0x2278
 .debug_frame   0x00000000       0x5c build/main.o
 .debug_frame   0x0000005c       0x28 build/gpio.o
 .debug_frame   0x00000084       0x6c build/usart.o
 .debug_frame   0x000000f0       0x2c build/usb_device.o
 .debug_frame   0x0000011c      0x324 build/usbd_conf.o
 .debug_frame   0x00000440       0xbc build/usbd_desc.o
 .debug_frame   0x000004fc       0x88 build/usbd_cdc_if.o
 .debug_frame   0x00000584       0xc8 build/stm32f4xx_it.o
 .debug_frame   0x0000064c       0x30 build/stm32f4xx_hal_msp.o
 .debug_frame   0x0000067c      0x368 build/stm32f4xx_hal_pcd.o
 .debug_frame   0x000009e4       0x40 build/stm32f4xx_hal_pcd_ex.o
 .debug_frame   0x00000a24      0x4e0 build/stm32f4xx_ll_usb.o
 .debug_frame   0x00000f04      0x578 build/stm32f4xx_hal_uart.o
 .debug_frame   0x0000147c      0x19c build/stm32f4xx_hal_rcc.o
 .debug_frame   0x00001618       0xd4 build/stm32f4xx_hal_gpio.o
 .debug_frame   0x000016ec      0x168 build/stm32f4xx_hal_cortex.o
 .debug_frame   0x00001854      0x1e0 build/stm32f4xx_hal.o
 .debug_frame   0x00001a34       0x30 build/system_stm32f4xx.o
 .debug_frame   0x00001a64      0x1f4 build/usbd_core.o
 .debug_frame   0x00001c58      0x1ac build/usbd_ctlreq.o
 .debug_frame   0x00001e04       0xdc build/usbd_ioreq.o
 .debug_frame   0x00001ee0      0x160 build/usbd_cdc.o
 .debug_frame   0x00002040       0x2c /usr/lib/gcc/arm-none-eabi/4.9.3/../../../arm-none-eabi/lib/armv7e-m/fpu/libc_nano.a(lib_a-init.o)
 .debug_frame   0x0000206c       0x30 /usr/lib/gcc/arm-none-eabi/4.9.3/../../../arm-none-eabi/lib/armv7e-m/fpu/libc_nano.a(lib_a-malloc.o)
 .debug_frame   0x0000209c       0x2c /usr/lib/gcc/arm-none-eabi/4.9.3/../../../arm-none-eabi/lib/armv7e-m/fpu/libc_nano.a(lib_a-nano-freer.o)
 .debug_frame   0x000020c8       0x2c /usr/lib/gcc/arm-none-eabi/4.9.3/../../../arm-none-eabi/lib/armv7e-m/fpu/libc_nano.a(lib_a-nano-mallocr.o)
 .debug_frame   0x000020f4       0x2c /usr/lib/gcc/arm-none-eabi/4.9.3/../../../arm-none-eabi/lib/armv7e-m/fpu/libc_nano.a(lib_a-sbrkr.o)
 .debug_frame   0x00002120       0x5c /usr/lib/gcc/arm-none-eabi/4.9.3/../../../arm-none-eabi/lib/armv7e-m/fpu/libc_nano.a(lib_a-reent.o)
 .debug_frame   0x0000217c       0x20 /usr/lib/gcc/arm-none-eabi/4.9.3/../../../arm-none-eabi/lib/armv7e-m/fpu/libnosys.a(sbrk.o)
 .debug_frame   0x0000219c       0x28 /usr/lib/gcc/arm-none-eabi/4.9.3/armv7e-m/fpu/libgcc.a(_aeabi_uldivmod.o)
 .debug_frame   0x000021c4       0x50 /usr/lib/gcc/arm-none-eabi/4.9.3/armv7e-m/fpu/libgcc.a(bpabi.o)
 .debug_frame   0x00002214       0x34 /usr/lib/gcc/arm-none-eabi/4.9.3/armv7e-m/fpu/libgcc.a(_divdi3.o)
 .debug_frame   0x00002248       0x30 /usr/lib/gcc/arm-none-eabi/4.9.3/armv7e-m/fpu/libgcc.a(_udivdi3.o)

Cross Reference Table

Symbol                                            File
ADC_IRQHandler                                    build/startup_stm32f407xx.o
AHBPrescTable                                     build/system_stm32f4xx.o
                                                  build/stm32f4xx_hal_rcc.o
APBPrescTable                                     build/system_stm32f4xx.o
                                                  build/stm32f4xx_hal_rcc.o
BusFault_Handler                                  build/stm32f4xx_it.o
CAN1_RX0_IRQHandler                               build/startup_stm32f407xx.o
CAN1_RX1_IRQHandler                               build/startup_stm32f407xx.o
CAN1_SCE_IRQHandler                               build/startup_stm32f407xx.o
CAN1_TX_IRQHandler                                build/startup_stm32f407xx.o
CAN2_RX0_IRQHandler                               build/startup_stm32f407xx.o
CAN2_RX1_IRQHandler                               build/startup_stm32f407xx.o
CAN2_SCE_IRQHandler                               build/startup_stm32f407xx.o
CAN2_TX_IRQHandler                                build/startup_stm32f407xx.o
CDC_Transmit_FS                                   build/usbd_cdc_if.o
DCMI_IRQHandler                                   build/startup_stm32f407xx.o
DMA1_Stream0_IRQHandler                           build/startup_stm32f407xx.o
DMA1_Stream1_IRQHandler                           build/startup_stm32f407xx.o
DMA1_Stream2_IRQHandler                           build/startup_stm32f407xx.o
DMA1_Stream3_IRQHandler                           build/startup_stm32f407xx.o
DMA1_Stream4_IRQHandler                           build/startup_stm32f407xx.o
DMA1_Stream5_IRQHandler                           build/startup_stm32f407xx.o
DMA1_Stream6_IRQHandler                           build/startup_stm32f407xx.o
DMA1_Stream7_IRQHandler                           build/startup_stm32f407xx.o
DMA2_Stream0_IRQHandler                           build/startup_stm32f407xx.o
DMA2_Stream1_IRQHandler                           build/startup_stm32f407xx.o
DMA2_Stream2_IRQHandler                           build/startup_stm32f407xx.o
DMA2_Stream3_IRQHandler                           build/startup_stm32f407xx.o
DMA2_Stream4_IRQHandler                           build/startup_stm32f407xx.o
DMA2_Stream5_IRQHandler                           build/startup_stm32f407xx.o
DMA2_Stream6_IRQHandler                           build/startup_stm32f407xx.o
DMA2_Stream7_IRQHandler                           build/startup_stm32f407xx.o
DebugMon_Handler                                  build/stm32f4xx_it.o
Default_Handler                                   build/startup_stm32f407xx.o
ETH_IRQHandler                                    build/startup_stm32f407xx.o
ETH_WKUP_IRQHandler                               build/startup_stm32f407xx.o
EXTI0_IRQHandler                                  build/startup_stm32f407xx.o
EXTI15_10_IRQHandler                              build/startup_stm32f407xx.o
EXTI1_IRQHandler                                  build/startup_stm32f407xx.o
EXTI2_IRQHandler                                  build/startup_stm32f407xx.o
EXTI3_IRQHandler                                  build/startup_stm32f407xx.o
EXTI4_IRQHandler                                  build/startup_stm32f407xx.o
EXTI9_5_IRQHandler                                build/startup_stm32f407xx.o
FLASH_Erase_Sector                                build/stm32f4xx_hal_flash_ex.o
                                                  build/stm32f4xx_hal_flash.o
FLASH_FlushCaches                                 build/stm32f4xx_hal_flash_ex.o
                                                  build/stm32f4xx_hal_flash.o
FLASH_IRQHandler                                  build/startup_stm32f407xx.o
FLASH_WaitForLastOperation                        build/stm32f4xx_hal_flash.o
                                                  build/stm32f4xx_hal_flash_ex.o
FPU_IRQHandler                                    build/startup_stm32f407xx.o
FSMC_IRQHandler                                   build/startup_stm32f407xx.o
FS_Desc                                           build/usbd_desc.o
                                                  build/usb_device.o
HAL_DBGMCU_DisableDBGSleepMode                    build/stm32f4xx_hal.o
HAL_DBGMCU_DisableDBGStandbyMode                  build/stm32f4xx_hal.o
HAL_DBGMCU_DisableDBGStopMode                     build/stm32f4xx_hal.o
HAL_DBGMCU_EnableDBGSleepMode                     build/stm32f4xx_hal.o
HAL_DBGMCU_EnableDBGStandbyMode                   build/stm32f4xx_hal.o
HAL_DBGMCU_EnableDBGStopMode                      build/stm32f4xx_hal.o
HAL_DMAEx_ChangeMemory                            build/stm32f4xx_hal_dma_ex.o
HAL_DMAEx_MultiBufferStart                        build/stm32f4xx_hal_dma_ex.o
HAL_DMAEx_MultiBufferStart_IT                     build/stm32f4xx_hal_dma_ex.o
HAL_DMA_Abort                                     build/stm32f4xx_hal_dma.o
                                                  build/stm32f4xx_hal_uart.o
HAL_DMA_Abort_IT                                  build/stm32f4xx_hal_dma.o
                                                  build/stm32f4xx_hal_uart.o
HAL_DMA_DeInit                                    build/stm32f4xx_hal_dma.o
HAL_DMA_GetError                                  build/stm32f4xx_hal_dma.o
HAL_DMA_GetState                                  build/stm32f4xx_hal_dma.o
HAL_DMA_IRQHandler                                build/stm32f4xx_hal_dma.o
HAL_DMA_Init                                      build/stm32f4xx_hal_dma.o
HAL_DMA_PollForTransfer                           build/stm32f4xx_hal_dma.o
HAL_DMA_RegisterCallback                          build/stm32f4xx_hal_dma.o
HAL_DMA_Start                                     build/stm32f4xx_hal_dma.o
HAL_DMA_Start_IT                                  build/stm32f4xx_hal_dma.o
                                                  build/stm32f4xx_hal_uart.o
HAL_DMA_UnRegisterCallback                        build/stm32f4xx_hal_dma.o
HAL_DeInit                                        build/stm32f4xx_hal.o
HAL_Delay                                         build/stm32f4xx_hal.o
                                                  build/stm32f4xx_ll_usb.o
                                                  build/usbd_conf.o
HAL_DisableCompensationCell                       build/stm32f4xx_hal.o
HAL_EnableCompensationCell                        build/stm32f4xx_hal.o
HAL_FLASHEx_Erase                                 build/stm32f4xx_hal_flash_ex.o
HAL_FLASHEx_Erase_IT                              build/stm32f4xx_hal_flash_ex.o
HAL_FLASHEx_OBGetConfig                           build/stm32f4xx_hal_flash_ex.o
HAL_FLASHEx_OBProgram                             build/stm32f4xx_hal_flash_ex.o
HAL_FLASH_EndOfOperationCallback                  build/stm32f4xx_hal_flash.o
HAL_FLASH_GetError                                build/stm32f4xx_hal_flash.o
HAL_FLASH_IRQHandler                              build/stm32f4xx_hal_flash.o
HAL_FLASH_Lock                                    build/stm32f4xx_hal_flash.o
HAL_FLASH_OB_Launch                               build/stm32f4xx_hal_flash.o
HAL_FLASH_OB_Lock                                 build/stm32f4xx_hal_flash.o
HAL_FLASH_OB_Unlock                               build/stm32f4xx_hal_flash.o
HAL_FLASH_OperationErrorCallback                  build/stm32f4xx_hal_flash.o
HAL_FLASH_Program                                 build/stm32f4xx_hal_flash.o
HAL_FLASH_Program_IT                              build/stm32f4xx_hal_flash.o
HAL_FLASH_Unlock                                  build/stm32f4xx_hal_flash.o
HAL_GPIO_DeInit                                   build/stm32f4xx_hal_gpio.o
                                                  build/usbd_conf.o
                                                  build/usart.o
HAL_GPIO_EXTI_Callback                            build/stm32f4xx_hal_gpio.o
HAL_GPIO_EXTI_IRQHandler                          build/stm32f4xx_hal_gpio.o
HAL_GPIO_Init                                     build/stm32f4xx_hal_gpio.o
                                                  build/stm32f4xx_hal_rcc.o
                                                  build/usbd_conf.o
                                                  build/usart.o
HAL_GPIO_LockPin                                  build/stm32f4xx_hal_gpio.o
HAL_GPIO_ReadPin                                  build/stm32f4xx_hal_gpio.o
HAL_GPIO_TogglePin                                build/stm32f4xx_hal_gpio.o
HAL_GPIO_WritePin                                 build/stm32f4xx_hal_gpio.o
HAL_GetDEVID                                      build/stm32f4xx_hal.o
HAL_GetHalVersion                                 build/stm32f4xx_hal.o
HAL_GetREVID                                      build/stm32f4xx_hal.o
HAL_GetTick                                       build/stm32f4xx_hal.o
                                                  build/stm32f4xx_hal_pwr_ex.o
                                                  build/stm32f4xx_hal_dma.o
                                                  build/stm32f4xx_hal_flash.o
                                                  build/stm32f4xx_hal_rcc_ex.o
                                                  build/stm32f4xx_hal_rcc.o
                                                  build/stm32f4xx_hal_uart.o
HAL_GetTickFreq                                   build/stm32f4xx_hal.o
HAL_GetTickPrio                                   build/stm32f4xx_hal.o
HAL_GetUID                                        build/stm32f4xx_hal.o
HAL_HalfDuplex_EnableReceiver                     build/stm32f4xx_hal_uart.o
HAL_HalfDuplex_EnableTransmitter                  build/stm32f4xx_hal_uart.o
HAL_HalfDuplex_Init                               build/stm32f4xx_hal_uart.o
HAL_IncTick                                       build/stm32f4xx_hal.o
                                                  build/stm32f4xx_it.o
HAL_Init                                          build/stm32f4xx_hal.o
                                                  build/main.o
HAL_InitTick                                      build/stm32f4xx_hal.o
                                                  build/stm32f4xx_hal_rcc_ex.o
                                                  build/stm32f4xx_hal_rcc.o
HAL_LIN_Init                                      build/stm32f4xx_hal_uart.o
HAL_LIN_SendBreak                                 build/stm32f4xx_hal_uart.o
HAL_MPU_ConfigRegion                              build/stm32f4xx_hal_cortex.o
HAL_MPU_Disable                                   build/stm32f4xx_hal_cortex.o
HAL_MPU_Enable                                    build/stm32f4xx_hal_cortex.o
HAL_MspDeInit                                     build/stm32f4xx_hal.o
HAL_MspInit                                       build/stm32f4xx_hal_msp.o
HAL_MultiProcessor_EnterMuteMode                  build/stm32f4xx_hal_uart.o
HAL_MultiProcessor_ExitMuteMode                   build/stm32f4xx_hal_uart.o
HAL_MultiProcessor_Init                           build/stm32f4xx_hal_uart.o
HAL_NVIC_ClearPendingIRQ                          build/stm32f4xx_hal_cortex.o
HAL_NVIC_DisableIRQ                               build/stm32f4xx_hal_cortex.o
                                                  build/usbd_conf.o
HAL_NVIC_EnableIRQ                                build/stm32f4xx_hal_cortex.o
                                                  build/usbd_conf.o
HAL_NVIC_GetActive                                build/stm32f4xx_hal_cortex.o
HAL_NVIC_GetPendingIRQ                            build/stm32f4xx_hal_cortex.o
HAL_NVIC_GetPriority                              build/stm32f4xx_hal_cortex.o
HAL_NVIC_GetPriorityGrouping                      build/stm32f4xx_hal_cortex.o
HAL_NVIC_SetPendingIRQ                            build/stm32f4xx_hal_cortex.o
HAL_NVIC_SetPriority                              build/stm32f4xx_hal_cortex.o
                                                  build/stm32f4xx_hal.o
                                                  build/stm32f4xx_hal_msp.o
                                                  build/usbd_conf.o
                                                  build/main.o
HAL_NVIC_SetPriorityGrouping                      build/stm32f4xx_hal_cortex.o
                                                  build/stm32f4xx_hal.o
                                                  build/stm32f4xx_hal_msp.o
HAL_NVIC_SystemReset                              build/stm32f4xx_hal_cortex.o
HAL_PCDEx_SetRxFiFo                               build/stm32f4xx_hal_pcd_ex.o
                                                  build/usbd_conf.o
HAL_PCDEx_SetTxFiFo                               build/stm32f4xx_hal_pcd_ex.o
                                                  build/usbd_conf.o
HAL_PCD_ActivateRemoteWakeup                      build/stm32f4xx_hal_pcd.o
HAL_PCD_ConnectCallback                           build/usbd_conf.o
HAL_PCD_DataInStageCallback                       build/usbd_conf.o
HAL_PCD_DataOutStageCallback                      build/usbd_conf.o
HAL_PCD_DeActivateRemoteWakeup                    build/stm32f4xx_hal_pcd.o
HAL_PCD_DeInit                                    build/stm32f4xx_hal_pcd.o
                                                  build/usbd_conf.o
HAL_PCD_DevConnect                                build/stm32f4xx_hal_pcd.o
HAL_PCD_DevDisconnect                             build/stm32f4xx_hal_pcd.o
HAL_PCD_DisconnectCallback                        build/usbd_conf.o
HAL_PCD_EP_Close                                  build/stm32f4xx_hal_pcd.o
                                                  build/usbd_conf.o
HAL_PCD_EP_ClrStall                               build/stm32f4xx_hal_pcd.o
                                                  build/usbd_conf.o
HAL_PCD_EP_Flush                                  build/stm32f4xx_hal_pcd.o
                                                  build/usbd_conf.o
HAL_PCD_EP_GetRxCount                             build/stm32f4xx_hal_pcd.o
                                                  build/usbd_conf.o
HAL_PCD_EP_Open                                   build/stm32f4xx_hal_pcd.o
                                                  build/usbd_conf.o
HAL_PCD_EP_Receive                                build/stm32f4xx_hal_pcd.o
                                                  build/usbd_conf.o
HAL_PCD_EP_SetStall                               build/stm32f4xx_hal_pcd.o
                                                  build/usbd_conf.o
HAL_PCD_EP_Transmit                               build/stm32f4xx_hal_pcd.o
                                                  build/usbd_conf.o
HAL_PCD_GetState                                  build/stm32f4xx_hal_pcd.o
HAL_PCD_IRQHandler                                build/stm32f4xx_hal_pcd.o
                                                  build/stm32f4xx_it.o
HAL_PCD_ISOINIncompleteCallback                   build/usbd_conf.o
HAL_PCD_ISOOUTIncompleteCallback                  build/usbd_conf.o
HAL_PCD_Init                                      build/stm32f4xx_hal_pcd.o
                                                  build/usbd_conf.o
HAL_PCD_MspDeInit                                 build/usbd_conf.o
HAL_PCD_MspInit                                   build/usbd_conf.o
HAL_PCD_ResetCallback                             build/usbd_conf.o
HAL_PCD_ResumeCallback                            build/usbd_conf.o
HAL_PCD_SOFCallback                               build/usbd_conf.o
HAL_PCD_SetAddress                                build/stm32f4xx_hal_pcd.o
                                                  build/usbd_conf.o
HAL_PCD_SetupStageCallback                        build/usbd_conf.o
HAL_PCD_Start                                     build/stm32f4xx_hal_pcd.o
                                                  build/usbd_conf.o
HAL_PCD_Stop                                      build/stm32f4xx_hal_pcd.o
                                                  build/usbd_conf.o
HAL_PCD_SuspendCallback                           build/usbd_conf.o
HAL_PWREx_ControlVoltageScaling                   build/stm32f4xx_hal_pwr_ex.o
HAL_PWREx_DisableBkUpReg                          build/stm32f4xx_hal_pwr_ex.o
HAL_PWREx_DisableFlashPowerDown                   build/stm32f4xx_hal_pwr_ex.o
HAL_PWREx_EnableBkUpReg                           build/stm32f4xx_hal_pwr_ex.o
HAL_PWREx_EnableFlashPowerDown                    build/stm32f4xx_hal_pwr_ex.o
HAL_PWREx_GetVoltageRange                         build/stm32f4xx_hal_pwr_ex.o
HAL_PWR_ConfigPVD                                 build/stm32f4xx_hal_pwr.o
HAL_PWR_DeInit                                    build/stm32f4xx_hal_pwr.o
HAL_PWR_DisableBkUpAccess                         build/stm32f4xx_hal_pwr.o
HAL_PWR_DisablePVD                                build/stm32f4xx_hal_pwr.o
HAL_PWR_DisableSEVOnPend                          build/stm32f4xx_hal_pwr.o
HAL_PWR_DisableSleepOnExit                        build/stm32f4xx_hal_pwr.o
HAL_PWR_DisableWakeUpPin                          build/stm32f4xx_hal_pwr.o
HAL_PWR_EnableBkUpAccess                          build/stm32f4xx_hal_pwr.o
HAL_PWR_EnablePVD                                 build/stm32f4xx_hal_pwr.o
HAL_PWR_EnableSEVOnPend                           build/stm32f4xx_hal_pwr.o
HAL_PWR_EnableSleepOnExit                         build/stm32f4xx_hal_pwr.o
HAL_PWR_EnableWakeUpPin                           build/stm32f4xx_hal_pwr.o
HAL_PWR_EnterSLEEPMode                            build/stm32f4xx_hal_pwr.o
HAL_PWR_EnterSTANDBYMode                          build/stm32f4xx_hal_pwr.o
HAL_PWR_EnterSTOPMode                             build/stm32f4xx_hal_pwr.o
HAL_PWR_PVDCallback                               build/stm32f4xx_hal_pwr.o
HAL_PWR_PVD_IRQHandler                            build/stm32f4xx_hal_pwr.o
HAL_RCCEx_DisablePLLI2S                           build/stm32f4xx_hal_rcc_ex.o
HAL_RCCEx_EnablePLLI2S                            build/stm32f4xx_hal_rcc_ex.o
HAL_RCCEx_GetPeriphCLKConfig                      build/stm32f4xx_hal_rcc_ex.o
HAL_RCCEx_GetPeriphCLKFreq                        build/stm32f4xx_hal_rcc_ex.o
HAL_RCCEx_PeriphCLKConfig                         build/stm32f4xx_hal_rcc_ex.o
HAL_RCC_CSSCallback                               build/stm32f4xx_hal_rcc.o
HAL_RCC_ClockConfig                               build/stm32f4xx_hal_rcc.o
                                                  build/main.o
HAL_RCC_DeInit                                    build/stm32f4xx_hal_rcc_ex.o